Archive member included to satisfy reference by file (symbol)

c:/st/stm32cubeide_1.10.1/stm32cubeide/plugins/com.st.stm32cube.ide.mcu.externaltools.gnu-tools-for-stm32.10.3-2021.10.win32_1.0.0.202111181127/tools/bin/../lib/gcc/arm-none-eabi/10.3.1/../../../../arm-none-eabi/lib/thumb/v7e-m/nofp\libc_nano.a(lib_a-errno.o)
                              ./Application/User/syscalls.o (__errno)
c:/st/stm32cubeide_1.10.1/stm32cubeide/plugins/com.st.stm32cube.ide.mcu.externaltools.gnu-tools-for-stm32.10.3-2021.10.win32_1.0.0.202111181127/tools/bin/../lib/gcc/arm-none-eabi/10.3.1/../../../../arm-none-eabi/lib/thumb/v7e-m/nofp\libc_nano.a(lib_a-exit.o)
                              c:/st/stm32cubeide_1.10.1/stm32cubeide/plugins/com.st.stm32cube.ide.mcu.externaltools.gnu-tools-for-stm32.10.3-2021.10.win32_1.0.0.202111181127/tools/bin/../lib/gcc/arm-none-eabi/10.3.1/../../../../arm-none-eabi/lib/thumb/v7e-m/nofp/crt0.o (exit)
c:/st/stm32cubeide_1.10.1/stm32cubeide/plugins/com.st.stm32cube.ide.mcu.externaltools.gnu-tools-for-stm32.10.3-2021.10.win32_1.0.0.202111181127/tools/bin/../lib/gcc/arm-none-eabi/10.3.1/../../../../arm-none-eabi/lib/thumb/v7e-m/nofp\libc_nano.a(lib_a-impure.o)
                              c:/st/stm32cubeide_1.10.1/stm32cubeide/plugins/com.st.stm32cube.ide.mcu.externaltools.gnu-tools-for-stm32.10.3-2021.10.win32_1.0.0.202111181127/tools/bin/../lib/gcc/arm-none-eabi/10.3.1/../../../../arm-none-eabi/lib/thumb/v7e-m/nofp\libc_nano.a(lib_a-exit.o) (_global_impure_ptr)
c:/st/stm32cubeide_1.10.1/stm32cubeide/plugins/com.st.stm32cube.ide.mcu.externaltools.gnu-tools-for-stm32.10.3-2021.10.win32_1.0.0.202111181127/tools/bin/../lib/gcc/arm-none-eabi/10.3.1/../../../../arm-none-eabi/lib/thumb/v7e-m/nofp\libc_nano.a(lib_a-init.o)
                              c:/st/stm32cubeide_1.10.1/stm32cubeide/plugins/com.st.stm32cube.ide.mcu.externaltools.gnu-tools-for-stm32.10.3-2021.10.win32_1.0.0.202111181127/tools/bin/../lib/gcc/arm-none-eabi/10.3.1/../../../../arm-none-eabi/lib/thumb/v7e-m/nofp/crt0.o (__libc_init_array)
c:/st/stm32cubeide_1.10.1/stm32cubeide/plugins/com.st.stm32cube.ide.mcu.externaltools.gnu-tools-for-stm32.10.3-2021.10.win32_1.0.0.202111181127/tools/bin/../lib/gcc/arm-none-eabi/10.3.1/../../../../arm-none-eabi/lib/thumb/v7e-m/nofp\libc_nano.a(lib_a-memset.o)
                              c:/st/stm32cubeide_1.10.1/stm32cubeide/plugins/com.st.stm32cube.ide.mcu.externaltools.gnu-tools-for-stm32.10.3-2021.10.win32_1.0.0.202111181127/tools/bin/../lib/gcc/arm-none-eabi/10.3.1/../../../../arm-none-eabi/lib/thumb/v7e-m/nofp/crt0.o (memset)

Discarded input sections

 .text          0x0000000000000000        0x0 c:/st/stm32cubeide_1.10.1/stm32cubeide/plugins/com.st.stm32cube.ide.mcu.externaltools.gnu-tools-for-stm32.10.3-2021.10.win32_1.0.0.202111181127/tools/bin/../lib/gcc/arm-none-eabi/10.3.1/thumb/v7e-m/nofp/crti.o
 .data          0x0000000000000000        0x0 c:/st/stm32cubeide_1.10.1/stm32cubeide/plugins/com.st.stm32cube.ide.mcu.externaltools.gnu-tools-for-stm32.10.3-2021.10.win32_1.0.0.202111181127/tools/bin/../lib/gcc/arm-none-eabi/10.3.1/thumb/v7e-m/nofp/crti.o
 .bss           0x0000000000000000        0x0 c:/st/stm32cubeide_1.10.1/stm32cubeide/plugins/com.st.stm32cube.ide.mcu.externaltools.gnu-tools-for-stm32.10.3-2021.10.win32_1.0.0.202111181127/tools/bin/../lib/gcc/arm-none-eabi/10.3.1/thumb/v7e-m/nofp/crti.o
 .data          0x0000000000000000        0x4 c:/st/stm32cubeide_1.10.1/stm32cubeide/plugins/com.st.stm32cube.ide.mcu.externaltools.gnu-tools-for-stm32.10.3-2021.10.win32_1.0.0.202111181127/tools/bin/../lib/gcc/arm-none-eabi/10.3.1/thumb/v7e-m/nofp/crtbegin.o
 .rodata        0x0000000000000000       0x24 c:/st/stm32cubeide_1.10.1/stm32cubeide/plugins/com.st.stm32cube.ide.mcu.externaltools.gnu-tools-for-stm32.10.3-2021.10.win32_1.0.0.202111181127/tools/bin/../lib/gcc/arm-none-eabi/10.3.1/thumb/v7e-m/nofp/crtbegin.o
 .text          0x0000000000000000       0x7c c:/st/stm32cubeide_1.10.1/stm32cubeide/plugins/com.st.stm32cube.ide.mcu.externaltools.gnu-tools-for-stm32.10.3-2021.10.win32_1.0.0.202111181127/tools/bin/../lib/gcc/arm-none-eabi/10.3.1/../../../../arm-none-eabi/lib/thumb/v7e-m/nofp/crt0.o
 .data          0x0000000000000000        0x0 c:/st/stm32cubeide_1.10.1/stm32cubeide/plugins/com.st.stm32cube.ide.mcu.externaltools.gnu-tools-for-stm32.10.3-2021.10.win32_1.0.0.202111181127/tools/bin/../lib/gcc/arm-none-eabi/10.3.1/../../../../arm-none-eabi/lib/thumb/v7e-m/nofp/crt0.o
 .bss           0x0000000000000000        0x0 c:/st/stm32cubeide_1.10.1/stm32cubeide/plugins/com.st.stm32cube.ide.mcu.externaltools.gnu-tools-for-stm32.10.3-2021.10.win32_1.0.0.202111181127/tools/bin/../lib/gcc/arm-none-eabi/10.3.1/../../../../arm-none-eabi/lib/thumb/v7e-m/nofp/crt0.o
[...]
Memory Configuration

Name             Origin             Length             Attributes
ROM              0x0000000008000000 0x0000000000040000 xr
RAM1             0x0000000020000000 0x0000000000008000 xrw
RAM2             0x0000000020008000 0x0000000000008000 xrw
*default*        0x0000000000000000 0xffffffffffffffff

Linker script and memory map

LOAD c:/st/stm32cubeide_1.10.1/stm32cubeide/plugins/com.st.stm32cube.ide.mcu.externaltools.gnu-tools-for-stm32.10.3-2021.10.win32_1.0.0.202111181127/tools/bin/../lib/gcc/arm-none-eabi/10.3.1/thumb/v7e-m/nofp/crti.o
LOAD c:/st/stm32cubeide_1.10.1/stm32cubeide/plugins/com.st.stm32cube.ide.mcu.externaltools.gnu-tools-for-stm32.10.3-2021.10.win32_1.0.0.202111181127/tools/bin/../lib/gcc/arm-none-eabi/10.3.1/thumb/v7e-m/nofp/crtbegin.o
LOAD c:/st/stm32cubeide_1.10.1/stm32cubeide/plugins/com.st.stm32cube.ide.mcu.externaltools.gnu-tools-for-stm32.10.3-2021.10.win32_1.0.0.202111181127/tools/bin/../lib/gcc/arm-none-eabi/10.3.1/../../../../arm-none-eabi/lib/thumb/v7e-m/nofp/crt0.o
LOAD ./Application/Startup/startup_stm32wl55jcix.o
LOAD ./Application/User/main.o
LOAD ./Application/User/stm32wlxx_it.o
LOAD ./Application/User/syscalls.o
LOAD ./Application/User/sysmem.o
LOAD ./Drivers/CMSIS/system_stm32wlxx.o
LOAD ./Drivers/STM32WLxx_HAL_Driver/stm32wlxx_ll_exti.o
LOAD ./Drivers/STM32WLxx_HAL_Driver/stm32wlxx_ll_gpio.o
LOAD ./Drivers/STM32WLxx_HAL_Driver/stm32wlxx_ll_pwr.o
LOAD ./Drivers/STM32WLxx_HAL_Driver/stm32wlxx_ll_rcc.o
LOAD ./Drivers/STM32WLxx_HAL_Driver/stm32wlxx_ll_utils.o
START GROUP
LOAD c:/st/stm32cubeide_1.10.1/stm32cubeide/plugins/com.st.stm32cube.ide.mcu.externaltools.gnu-tools-for-stm32.10.3-2021.10.win32_1.0.0.202111181127/tools/bin/../lib/gcc/arm-none-eabi/10.3.1/../../../../arm-none-eabi/lib/thumb/v7e-m/nofp\libc_nano.a
LOAD c:/st/stm32cubeide_1.10.1/stm32cubeide/plugins/com.st.stm32cube.ide.mcu.externaltools.gnu-tools-for-stm32.10.3-2021.10.win32_1.0.0.202111181127/tools/bin/../lib/gcc/arm-none-eabi/10.3.1/../../../../arm-none-eabi/lib/thumb/v7e-m/nofp\libm.a
END GROUP
START GROUP
LOAD c:/st/stm32cubeide_1.10.1/stm32cubeide/plugins/com.st.stm32cube.ide.mcu.externaltools.gnu-tools-for-stm32.10.3-2021.10.win32_1.0.0.202111181127/tools/bin/../lib/gcc/arm-none-eabi/10.3.1/thumb/v7e-m/nofp\libgcc.a
LOAD c:/st/stm32cubeide_1.10.1/stm32cubeide/plugins/com.st.stm32cube.ide.mcu.externaltools.gnu-tools-for-stm32.10.3-2021.10.win32_1.0.0.202111181127/tools/bin/../lib/gcc/arm-none-eabi/10.3.1/../../../../arm-none-eabi/lib/thumb/v7e-m/nofp\libc_nano.a
END GROUP
START GROUP
LOAD c:/st/stm32cubeide_1.10.1/stm32cubeide/plugins/com.st.stm32cube.ide.mcu.externaltools.gnu-tools-for-stm32.10.3-2021.10.win32_1.0.0.202111181127/tools/bin/../lib/gcc/arm-none-eabi/10.3.1/thumb/v7e-m/nofp\libgcc.a
LOAD c:/st/stm32cubeide_1.10.1/stm32cubeide/plugins/com.st.stm32cube.ide.mcu.externaltools.gnu-tools-for-stm32.10.3-2021.10.win32_1.0.0.202111181127/tools/bin/../lib/gcc/arm-none-eabi/10.3.1/../../../../arm-none-eabi/lib/thumb/v7e-m/nofp\libc_nano.a
LOAD c:/st/stm32cubeide_1.10.1/stm32cubeide/plugins/com.st.stm32cube.ide.mcu.externaltools.gnu-tools-for-stm32.10.3-2021.10.win32_1.0.0.202111181127/tools/bin/../lib/gcc/arm-none-eabi/10.3.1/../../../../arm-none-eabi/lib/thumb/v7e-m/nofp\libnosys.a
END GROUP
START GROUP
LOAD c:/st/stm32cubeide_1.10.1/stm32cubeide/plugins/com.st.stm32cube.ide.mcu.externaltools.gnu-tools-for-stm32.10.3-2021.10.win32_1.0.0.202111181127/tools/bin/../lib/gcc/arm-none-eabi/10.3.1/thumb/v7e-m/nofp\libgcc.a
LOAD c:/st/stm32cubeide_1.10.1/stm32cubeide/plugins/com.st.stm32cube.ide.mcu.externaltools.gnu-tools-for-stm32.10.3-2021.10.win32_1.0.0.202111181127/tools/bin/../lib/gcc/arm-none-eabi/10.3.1/../../../../arm-none-eabi/lib/thumb/v7e-m/nofp\libc_nano.a
LOAD c:/st/stm32cubeide_1.10.1/stm32cubeide/plugins/com.st.stm32cube.ide.mcu.externaltools.gnu-tools-for-stm32.10.3-2021.10.win32_1.0.0.202111181127/tools/bin/../lib/gcc/arm-none-eabi/10.3.1/../../../../arm-none-eabi/lib/thumb/v7e-m/nofp\libnosys.a
END GROUP
LOAD c:/st/stm32cubeide_1.10.1/stm32cubeide/plugins/com.st.stm32cube.ide.mcu.externaltools.gnu-tools-for-stm32.10.3-2021.10.win32_1.0.0.202111181127/tools/bin/../lib/gcc/arm-none-eabi/10.3.1/thumb/v7e-m/nofp/crtend.o
LOAD c:/st/stm32cubeide_1.10.1/stm32cubeide/plugins/com.st.stm32cube.ide.mcu.externaltools.gnu-tools-for-stm32.10.3-2021.10.win32_1.0.0.202111181127/tools/bin/../lib/gcc/arm-none-eabi/10.3.1/thumb/v7e-m/nofp/crtn.o
                0x0000000020008000                _estack = (ORIGIN (RAM1) + LENGTH (RAM1))
                0x0000000000000200                _Min_Heap_Size = 0x200
                0x0000000000000400                _Min_Stack_Size = 0x400

.isr_vector     0x0000000008000000      0x138
                0x0000000008000000                . = ALIGN (0x8)
 *(.isr_vector)
 .isr_vector    0x0000000008000000      0x138 ./Application/Startup/startup_stm32wl55jcix.o
                0x0000000008000000                g_pfnVectors
                0x0000000008000138                . = ALIGN (0x8)

.text           0x0000000008000138     0x12d8
                0x0000000008000138                . = ALIGN (0x8)
 *(.text)
 .text          0x0000000008000138       0x40 c:/st/stm32cubeide_1.10.1/stm32cubeide/plugins/com.st.stm32cube.ide.mcu.externaltools.gnu-tools-for-stm32.10.3-2021.10.win32_1.0.0.202111181127/tools/bin/../lib/gcc/arm-none-eabi/10.3.1/thumb/v7e-m/nofp/crtbegin.o
 *(.text*)
 .text.Reset_Handler
                0x0000000008000178       0x50 ./Application/Startup/startup_stm32wl55jcix.o
                0x0000000008000178                Reset_Handler
 .text.Default_Handler
                0x00000000080001c8        0x2 ./Application/Startup/startup_stm32wl55jcix.o
                0x00000000080001c8                RTC_Alarm_IRQHandler
                0x00000000080001c8                EXTI2_IRQHandler
                0x00000000080001c8                TIM1_CC_IRQHandler
                0x00000000080001c8                EXTI3_IRQHandler
                0x00000000080001c8                LPTIM2_IRQHandler
                0x00000000080001c8                I2C3_ER_IRQHandler
                0x00000000080001c8                LPTIM3_IRQHandler
                0x00000000080001c8                I2C2_EV_IRQHandler
                0x00000000080001c8                TAMP_STAMP_LSECSS_SSRU_IRQHandler
                0x00000000080001c8                SPI1_IRQHandler
                0x00000000080001c8                DMA2_Channel2_IRQHandler
                0x00000000080001c8                DMA1_Channel4_IRQHandler
                0x00000000080001c8                PKA_IRQHandler
                0x00000000080001c8                TIM17_IRQHandler
                0x00000000080001c8                DMA1_Channel7_IRQHandler
                0x00000000080001c8                SUBGHZSPI_IRQHandler
                0x00000000080001c8                IPCC_C1_TX_IRQHandler
                0x00000000080001c8                DMA2_Channel1_IRQHandler
                0x00000000080001c8                I2C1_EV_IRQHandler
                0x00000000080001c8                SUBGHZ_Radio_IRQHandler
                0x00000000080001c8                DMAMUX1_OVR_IRQHandler
                0x00000000080001c8                DMA1_Channel6_IRQHandler
                0x00000000080001c8                TIM16_IRQHandler
                0x00000000080001c8                DMA2_Channel4_IRQHandler
                0x00000000080001c8                RCC_IRQHandler
                0x00000000080001c8                TIM1_TRG_COM_IRQHandler
                0x00000000080001c8                DMA1_Channel1_IRQHandler
                0x00000000080001c8                Default_Handler
                0x00000000080001c8                DMA2_Channel7_IRQHandler
                0x00000000080001c8                EXTI15_10_IRQHandler
                0x00000000080001c8                IPCC_C1_RX_IRQHandler
                0x00000000080001c8                ADC_IRQHandler
                0x00000000080001c8                C2SEV_PWR_C2H_IRQHandler
                0x00000000080001c8                I2C3_EV_IRQHandler
                0x00000000080001c8                EXTI9_5_IRQHandler
                0x00000000080001c8                RTC_WKUP_IRQHandler
                0x00000000080001c8                PVD_PVM_IRQHandler
                0x00000000080001c8                SPI2_IRQHandler
                0x00000000080001c8                DMA2_Channel5_IRQHandler
                0x00000000080001c8                DMA1_Channel5_IRQHandler
                0x00000000080001c8                EXTI4_IRQHandler
                0x00000000080001c8                RNG_IRQHandler
                0x00000000080001c8                DMA1_Channel3_IRQHandler
                0x00000000080001c8                COMP_IRQHandler
                0x00000000080001c8                HSEM_IRQHandler
                0x00000000080001c8                TIM1_UP_IRQHandler
                0x00000000080001c8                WWDG_IRQHandler
                0x00000000080001c8                LPUART1_IRQHandler
                0x00000000080001c8                DMA2_Channel6_IRQHandler
                0x00000000080001c8                TIM2_IRQHandler
                0x00000000080001c8                TIM1_BRK_IRQHandler
                0x00000000080001c8                DAC_IRQHandler
                0x00000000080001c8                EXTI1_IRQHandler
                0x00000000080001c8                AES_IRQHandler
                0x00000000080001c8                USART2_IRQHandler
                0x00000000080001c8                I2C2_ER_IRQHandler
                0x00000000080001c8                DMA1_Channel2_IRQHandler
                0x00000000080001c8                FLASH_IRQHandler
                0x00000000080001c8                USART1_IRQHandler
                0x00000000080001c8                I2C1_ER_IRQHandler
                0x00000000080001c8                LPTIM1_IRQHandler
                0x00000000080001c8                DMA2_Channel3_IRQHandler
 *fill*         0x00000000080001ca        0x2 
 .text.__NVIC_SetPriorityGrouping
                0x00000000080001cc       0x48 ./Application/User/main.o
 .text.__NVIC_GetPriorityGrouping
                0x0000000008000214       0x1c ./Application/User/main.o
 .text.__NVIC_EnableIRQ
                0x0000000008000230       0x38 ./Application/User/main.o
 .text.__NVIC_SetPriority
                0x0000000008000268       0x54 ./Application/User/main.o
 .text.NVIC_EncodePriority
                0x00000000080002bc       0x64 ./Application/User/main.o
 .text.LL_IWDG_Enable
                0x0000000008000320       0x1a ./Application/User/main.o
 .text.LL_IWDG_ReloadCounter
                0x000000000800033a       0x1a ./Application/User/main.o
 .text.LL_IWDG_EnableWriteAccess
                0x0000000008000354       0x1a ./Application/User/main.o
 .text.LL_IWDG_SetPrescaler
                0x000000000800036e       0x1e ./Application/User/main.o
 .text.LL_IWDG_SetReloadCounter
                0x000000000800038c       0x1e ./Application/User/main.o
 .text.LL_IWDG_IsReady
                0x00000000080003aa       0x24 ./Application/User/main.o
 .text.LL_RCC_LSI_Enable
                0x00000000080003ce       0x20 ./Application/User/main.o
 .text.LL_RCC_LSI_IsReady
                0x00000000080003ee       0x22 ./Application/User/main.o
 .text.LL_RCC_MSI_Enable
                0x0000000008000410       0x1c ./Application/User/main.o
 .text.LL_RCC_MSI_IsReady
                0x000000000800042c       0x20 ./Application/User/main.o
 .text.LL_RCC_MSI_EnableRangeSelection
                0x000000000800044c       0x1c ./Application/User/main.o
 .text.LL_RCC_MSI_SetRange
                0x0000000008000468       0x26 ./Application/User/main.o
 .text.LL_RCC_MSI_SetCalibTrimming
                0x000000000800048e       0x28 ./Application/User/main.o
 .text.LL_RCC_SetSysClkSource
                0x00000000080004b6       0x26 ./Application/User/main.o
 .text.LL_RCC_GetSysClkSource
                0x00000000080004dc       0x16 ./Application/User/main.o
 .text.LL_RCC_SetAHBPrescaler
                0x00000000080004f2       0x26 ./Application/User/main.o
 .text.LL_RCC_SetAHB3Prescaler
                0x0000000008000518       0x2c ./Application/User/main.o
 .text.LL_RCC_SetAPB1Prescaler
                0x0000000008000544       0x26 ./Application/User/main.o
 .text.LL_RCC_SetAPB2Prescaler
                0x000000000800056a       0x26 ./Application/User/main.o
 .text.LL_RCC_IsActiveFlag_IWDGRST
                0x0000000008000590       0x24 ./Application/User/main.o
 .text.LL_RCC_ClearResetFlags
                0x00000000080005b4       0x20 ./Application/User/main.o
 .text.LL_AHB2_GRP1_EnableClock
                0x00000000080005d4       0x30 ./Application/User/main.o
 .text.LL_SYSCFG_SetEXTISource
                0x0000000008000604       0x6c ./Application/User/main.o
 .text.LL_FLASH_SetLatency
                0x0000000008000670       0x28 ./Application/User/main.o
 .text.LL_FLASH_GetLatency
                0x0000000008000698       0x18 ./Application/User/main.o
 .text.LL_PWR_SetRegulVoltageScaling
                0x00000000080006b0       0x28 ./Application/User/main.o
 .text.LL_GPIO_SetPinMode
                0x00000000080006d8       0x78 ./Application/User/main.o
 .text.LL_GPIO_SetPinPull
                0x0000000008000750       0x78 ./Application/User/main.o
 .text.LL_GPIO_SetOutputPin
                0x00000000080007c8       0x1a ./Application/User/main.o
 .text.LL_GPIO_ResetOutputPin
                0x00000000080007e2       0x1a ./Application/User/main.o
 .text.LL_GPIO_TogglePin
                0x00000000080007fc       0x30 ./Application/User/main.o
 .text.main     0x000000000800082c       0x48 ./Application/User/main.o
                0x000000000800082c                main
 .text.SystemClock_Config
                0x0000000008000874       0x8c ./Application/User/main.o
                0x0000000008000874                SystemClock_Config
 .text.MX_IWDG_Init
                0x0000000008000900       0x40 ./Application/User/main.o
 .text.MX_GPIO_Init
                0x0000000008000940       0xcc ./Application/User/main.o
 .text.Check_IWDG_Reset
                0x0000000008000a0c       0x34 ./Application/User/main.o
                0x0000000008000a0c                Check_IWDG_Reset
 .text.LED_On   0x0000000008000a40       0x18 ./Application/User/main.o
                0x0000000008000a40                LED_On
 .text.UserButton_Callback
                0x0000000008000a58       0x18 ./Application/User/main.o
                0x0000000008000a58                UserButton_Callback
 .text.LL_EXTI_IsActiveFlag_0_31
                0x0000000008000a70       0x2c ./Application/User/stm32wlxx_it.o
 .text.LL_EXTI_ClearFlag_0_31
                0x0000000008000a9c       0x1c ./Application/User/stm32wlxx_it.o
 .text.NMI_Handler
                0x0000000008000ab8        0xc ./Application/User/stm32wlxx_it.o
                0x0000000008000ab8                NMI_Handler
 .text.HardFault_Handler
                0x0000000008000ac4        0x6 ./Application/User/stm32wlxx_it.o
                0x0000000008000ac4                HardFault_Handler
 .text.MemManage_Handler
                0x0000000008000aca        0x6 ./Application/User/stm32wlxx_it.o
                0x0000000008000aca                MemManage_Handler
 .text.BusFault_Handler
                0x0000000008000ad0        0x6 ./Application/User/stm32wlxx_it.o
                0x0000000008000ad0                BusFault_Handler
 .text.UsageFault_Handler
                0x0000000008000ad6        0x6 ./Application/User/stm32wlxx_it.o
                0x0000000008000ad6                UsageFault_Handler
 .text.SVC_Handler
                0x0000000008000adc        0xc ./Application/User/stm32wlxx_it.o
                0x0000000008000adc                SVC_Handler
 .text.DebugMon_Handler
                0x0000000008000ae8        0xc ./Application/User/stm32wlxx_it.o
                0x0000000008000ae8                DebugMon_Handler
 .text.PendSV_Handler
                0x0000000008000af4        0xc ./Application/User/stm32wlxx_it.o
                0x0000000008000af4                PendSV_Handler
 .text.SysTick_Handler
                0x0000000008000b00        0xc ./Application/User/stm32wlxx_it.o
                0x0000000008000b00                SysTick_Handler
 .text.EXTI0_IRQHandler
                0x0000000008000b0c       0x1e ./Application/User/stm32wlxx_it.o
                0x0000000008000b0c                EXTI0_IRQHandler
 .text.SystemInit
                0x0000000008000b2a        0xc ./Drivers/CMSIS/system_stm32wlxx.o
                0x0000000008000b2a                SystemInit
 *fill*         0x0000000008000b36        0x2 
 .text.LL_EXTI_EnableIT_0_31
                0x0000000008000b38       0x28 ./Drivers/STM32WLxx_HAL_Driver/stm32wlxx_ll_exti.o
 .text.LL_EXTI_EnableIT_32_63
                0x0000000008000b60       0x28 ./Drivers/STM32WLxx_HAL_Driver/stm32wlxx_ll_exti.o
 .text.LL_EXTI_DisableIT_0_31
                0x0000000008000b88       0x28 ./Drivers/STM32WLxx_HAL_Driver/stm32wlxx_ll_exti.o
 .text.LL_EXTI_DisableIT_32_63
                0x0000000008000bb0       0x28 ./Drivers/STM32WLxx_HAL_Driver/stm32wlxx_ll_exti.o
 .text.LL_EXTI_EnableEvent_0_31
                0x0000000008000bd8       0x28 ./Drivers/STM32WLxx_HAL_Driver/stm32wlxx_ll_exti.o
 .text.LL_EXTI_EnableEvent_32_63
                0x0000000008000c00       0x28 ./Drivers/STM32WLxx_HAL_Driver/stm32wlxx_ll_exti.o
 .text.LL_EXTI_DisableEvent_0_31
                0x0000000008000c28       0x28 ./Drivers/STM32WLxx_HAL_Driver/stm32wlxx_ll_exti.o
 .text.LL_EXTI_DisableEvent_32_63
                0x0000000008000c50       0x28 ./Drivers/STM32WLxx_HAL_Driver/stm32wlxx_ll_exti.o
 .text.LL_EXTI_EnableRisingTrig_0_31
                0x0000000008000c78       0x24 ./Drivers/STM32WLxx_HAL_Driver/stm32wlxx_ll_exti.o
 .text.LL_EXTI_EnableRisingTrig_32_63
                0x0000000008000c9c       0x24 ./Drivers/STM32WLxx_HAL_Driver/stm32wlxx_ll_exti.o
 .text.LL_EXTI_DisableRisingTrig_0_31
                0x0000000008000cc0       0x24 ./Drivers/STM32WLxx_HAL_Driver/stm32wlxx_ll_exti.o
 .text.LL_EXTI_DisableRisingTrig_32_63
                0x0000000008000ce4       0x24 ./Drivers/STM32WLxx_HAL_Driver/stm32wlxx_ll_exti.o
 .text.LL_EXTI_EnableFallingTrig_0_31
                0x0000000008000d08       0x24 ./Drivers/STM32WLxx_HAL_Driver/stm32wlxx_ll_exti.o
 .text.LL_EXTI_EnableFallingTrig_32_63
                0x0000000008000d2c       0x24 ./Drivers/STM32WLxx_HAL_Driver/stm32wlxx_ll_exti.o
 .text.LL_EXTI_DisableFallingTrig_0_31
                0x0000000008000d50       0x24 ./Drivers/STM32WLxx_HAL_Driver/stm32wlxx_ll_exti.o
 .text.LL_EXTI_DisableFallingTrig_32_63
                0x0000000008000d74       0x24 ./Drivers/STM32WLxx_HAL_Driver/stm32wlxx_ll_exti.o
 .text.LL_EXTI_Init
                0x0000000008000d98      0x1e6 ./Drivers/STM32WLxx_HAL_Driver/stm32wlxx_ll_exti.o
                0x0000000008000d98                LL_EXTI_Init
 .text.LL_GPIO_SetPinMode
                0x0000000008000f7e       0x78 ./Drivers/STM32WLxx_HAL_Driver/stm32wlxx_ll_gpio.o
 .text.LL_GPIO_SetPinOutputType
                0x0000000008000ff6       0x2e ./Drivers/STM32WLxx_HAL_Driver/stm32wlxx_ll_gpio.o
 .text.LL_GPIO_SetPinSpeed
                0x0000000008001024       0x78 ./Drivers/STM32WLxx_HAL_Driver/stm32wlxx_ll_gpio.o
 .text.LL_GPIO_SetPinPull
                0x000000000800109c       0x78 ./Drivers/STM32WLxx_HAL_Driver/stm32wlxx_ll_gpio.o
 .text.LL_GPIO_SetAFPin_0_7
                0x0000000008001114       0x78 ./Drivers/STM32WLxx_HAL_Driver/stm32wlxx_ll_gpio.o
 .text.LL_GPIO_SetAFPin_8_15
                0x000000000800118c       0x7c ./Drivers/STM32WLxx_HAL_Driver/stm32wlxx_ll_gpio.o
 .text.LL_GPIO_Init
                0x0000000008001208       0xe8 ./Drivers/STM32WLxx_HAL_Driver/stm32wlxx_ll_gpio.o
                0x0000000008001208                LL_GPIO_Init
 .text.LL_InitTick
                0x00000000080012f0       0x38 ./Drivers/STM32WLxx_HAL_Driver/stm32wlxx_ll_utils.o
 .text.LL_Init1msTick
                0x0000000008001328       0x1a ./Drivers/STM32WLxx_HAL_Driver/stm32wlxx_ll_utils.o
                0x0000000008001328                LL_Init1msTick
 *fill*         0x0000000008001342        0x2 
 .text.LL_mDelay
                0x0000000008001344       0x4c ./Drivers/STM32WLxx_HAL_Driver/stm32wlxx_ll_utils.o
                0x0000000008001344                LL_mDelay
 .text.LL_SetSystemCoreClock
                0x0000000008001390       0x1c ./Drivers/STM32WLxx_HAL_Driver/stm32wlxx_ll_utils.o
                0x0000000008001390                LL_SetSystemCoreClock
 .text.__libc_init_array
                0x00000000080013ac       0x48 c:/st/stm32cubeide_1.10.1/stm32cubeide/plugins/com.st.stm32cube.ide.mcu.externaltools.gnu-tools-for-stm32.10.3-2021.10.win32_1.0.0.202111181127/tools/bin/../lib/gcc/arm-none-eabi/10.3.1/../../../../arm-none-eabi/lib/thumb/v7e-m/nofp\libc_nano.a(lib_a-init.o)
                0x00000000080013ac                __libc_init_array
 *(.glue_7)
 .glue_7        0x00000000080013f4        0x0 linker stubs
 *(.glue_7t)
 .glue_7t       0x00000000080013f4        0x0 linker stubs
 *(.eh_frame)
 .eh_frame      0x00000000080013f4        0x0 c:/st/stm32cubeide_1.10.1/stm32cubeide/plugins/com.st.stm32cube.ide.mcu.externaltools.gnu-tools-for-stm32.10.3-2021.10.win32_1.0.0.202111181127/tools/bin/../lib/gcc/arm-none-eabi/10.3.1/thumb/v7e-m/nofp/crtbegin.o
 *(.init)
 .init          0x00000000080013f4        0x4 c:/st/stm32cubeide_1.10.1/stm32cubeide/plugins/com.st.stm32cube.ide.mcu.externaltools.gnu-tools-for-stm32.10.3-2021.10.win32_1.0.0.202111181127/tools/bin/../lib/gcc/arm-none-eabi/10.3.1/thumb/v7e-m/nofp/crti.o
                0x00000000080013f4                _init
 .init          0x00000000080013f8        0x8 c:/st/stm32cubeide_1.10.1/stm32cubeide/plugins/com.st.stm32cube.ide.mcu.externaltools.gnu-tools-for-stm32.10.3-2021.10.win32_1.0.0.202111181127/tools/bin/../lib/gcc/arm-none-eabi/10.3.1/thumb/v7e-m/nofp/crtn.o
 *(.fini)
 .fini          0x0000000008001400        0x4 c:/st/stm32cubeide_1.10.1/stm32cubeide/plugins/com.st.stm32cube.ide.mcu.externaltools.gnu-tools-for-stm32.10.3-2021.10.win32_1.0.0.202111181127/tools/bin/../lib/gcc/arm-none-eabi/10.3.1/thumb/v7e-m/nofp/crti.o
                0x0000000008001400                _fini
 .fini          0x0000000008001404        0x8 c:/st/stm32cubeide_1.10.1/stm32cubeide/plugins/com.st.stm32cube.ide.mcu.externaltools.gnu-tools-for-stm32.10.3-2021.10.win32_1.0.0.202111181127/tools/bin/../lib/gcc/arm-none-eabi/10.3.1/thumb/v7e-m/nofp/crtn.o
                0x0000000008001410                . = ALIGN (0x8)
 *fill*         0x000000000800140c        0x4 
                0x0000000008001410                _etext = .

.vfp11_veneer   0x0000000008001410        0x0
 .vfp11_veneer  0x0000000008001410        0x0 linker stubs

.v4_bx          0x0000000008001410        0x0
 .v4_bx         0x0000000008001410        0x0 linker stubs

.iplt           0x0000000008001410        0x0
 .iplt          0x0000000008001410        0x0 c:/st/stm32cubeide_1.10.1/stm32cubeide/plugins/com.st.stm32cube.ide.mcu.externaltools.gnu-tools-for-stm32.10.3-2021.10.win32_1.0.0.202111181127/tools/bin/../lib/gcc/arm-none-eabi/10.3.1/thumb/v7e-m/nofp/crtbegin.o

.rel.dyn        0x0000000008001410        0x0
 .rel.iplt      0x0000000008001410        0x0 c:/st/stm32cubeide_1.10.1/stm32cubeide/plugins/com.st.stm32cube.ide.mcu.externaltools.gnu-tools-for-stm32.10.3-2021.10.win32_1.0.0.202111181127/tools/bin/../lib/gcc/arm-none-eabi/10.3.1/thumb/v7e-m/nofp/crtbegin.o

.rodata         0x0000000008001410        0x0
                0x0000000008001410                . = ALIGN (0x8)
 *(.rodata)
 *(.rodata*)
                0x0000000008001410                . = ALIGN (0x8)

.ARM.extab      0x0000000008001410        0x0
                0x0000000008001410                . = ALIGN (0x8)
 *(.ARM.extab* .gnu.linkonce.armextab.*)
                0x0000000008001410                . = ALIGN (0x8)

.ARM            0x0000000008001410        0x0
                0x0000000008001410                . = ALIGN (0x8)
                0x0000000008001410                __exidx_start = .
 *(.ARM.exidx*)
                0x0000000008001410                __exidx_end = .
                0x0000000008001410                . = ALIGN (0x8)

.preinit_array  0x0000000008001410        0x0
                0x0000000008001410                . = ALIGN (0x8)
                0x0000000008001410                PROVIDE (__preinit_array_start = .)
 *(.preinit_array*)
                0x0000000008001410                PROVIDE (__preinit_array_end = .)
                0x0000000008001410                . = ALIGN (0x8)

.init_array     0x0000000008001410        0x8
                0x0000000008001410                . = ALIGN (0x8)
                0x0000000008001410                PROVIDE (__init_array_start = .)
 *(SORT_BY_NAME(.init_array.*))
 *(.init_array*)
 .init_array    0x0000000008001410        0x4 c:/st/stm32cubeide_1.10.1/stm32cubeide/plugins/com.st.stm32cube.ide.mcu.externaltools.gnu-tools-for-stm32.10.3-2021.10.win32_1.0.0.202111181127/tools/bin/../lib/gcc/arm-none-eabi/10.3.1/thumb/v7e-m/nofp/crtbegin.o
                0x0000000008001414                PROVIDE (__init_array_end = .)
                0x0000000008001418                . = ALIGN (0x8)
 *fill*         0x0000000008001414        0x4 

.fini_array     0x0000000008001418        0x8
                0x0000000008001418                . = ALIGN (0x8)
                [!provide]                        PROVIDE (__fini_array_start = .)
 *(SORT_BY_NAME(.fini_array.*))
 *(.fini_array*)
 .fini_array    0x0000000008001418        0x4 c:/st/stm32cubeide_1.10.1/stm32cubeide/plugins/com.st.stm32cube.ide.mcu.externaltools.gnu-tools-for-stm32.10.3-2021.10.win32_1.0.0.202111181127/tools/bin/../lib/gcc/arm-none-eabi/10.3.1/thumb/v7e-m/nofp/crtbegin.o
                [!provide]                        PROVIDE (__fini_array_end = .)
                0x0000000008001420                . = ALIGN (0x8)
 *fill*         0x000000000800141c        0x4 
                0x0000000008001420                _sidata = LOADADDR (.data)

.data           0x0000000020000000        0x8 load address 0x0000000008001420
                0x0000000020000000                . = ALIGN (0x8)
                0x0000000020000000                _sdata = .
 *(.data)
 *(.data*)
 .data.SystemCoreClock
                0x0000000020000000        0x4 ./Drivers/CMSIS/system_stm32wlxx.o
                0x0000000020000000                SystemCoreClock
                0x0000000020000008                . = ALIGN (0x8)
 *fill*         0x0000000020000004        0x4 
                0x0000000020000008                _edata = .

.igot.plt       0x0000000020000008        0x0 load address 0x0000000008001428
 .igot.plt      0x0000000020000008        0x0 c:/st/stm32cubeide_1.10.1/stm32cubeide/plugins/com.st.stm32cube.ide.mcu.externaltools.gnu-tools-for-stm32.10.3-2021.10.win32_1.0.0.202111181127/tools/bin/../lib/gcc/arm-none-eabi/10.3.1/thumb/v7e-m/nofp/crtbegin.o
                0x0000000020000008                . = ALIGN (0x8)

.bss            0x0000000020000008       0x20 load address 0x0000000008001428
                0x0000000020000008                _sbss = .
                0x0000000020000008                __bss_start__ = _sbss
 *(.bss)
 .bss           0x0000000020000008       0x1c c:/st/stm32cubeide_1.10.1/stm32cubeide/plugins/com.st.stm32cube.ide.mcu.externaltools.gnu-tools-for-stm32.10.3-2021.10.win32_1.0.0.202111181127/tools/bin/../lib/gcc/arm-none-eabi/10.3.1/thumb/v7e-m/nofp/crtbegin.o
 *(.bss*)
 .bss.ubKeyPressed
                0x0000000020000024        0x1 ./Application/User/main.o
 *(COMMON)
                0x0000000020000028                . = ALIGN (0x8)
 *fill*         0x0000000020000025        0x3 
                0x0000000020000028                _ebss = .
                0x0000000020000028                __bss_end__ = _ebss
                0x0000000020000028                . = ALIGN (0x8)

RAM1_region     0x0000000020000028        0x0 load address 0x0000000008001428
                0x0000000020000028                _sRAM1_region = .
 *(.RAM1_region)
                0x0000000020000028                . = ALIGN (0x8)
                0x0000000020000028                _eRAM1_region = .
                0x0000000020000028                . = ALIGN (0x8)

RAM2_region     0x0000000020008000        0x0
                0x0000000020008000                _sRAM2_region = .
 *(.RAM2_region)
                0x0000000020008000                . = ALIGN (0x8)
                0x0000000020008000                _eRAM2_region = .

._user_heap_stack
                0x0000000020000028      0x600
                0x0000000020000028                . = ALIGN (0x8)
                [!provide]                        PROVIDE (end = .)
                0x0000000020000028                PROVIDE (_end = .)
                0x0000000020000228                . = (. + _Min_Heap_Size)
 *fill*         0x0000000020000028      0x200 
                0x0000000020000628                . = (. + _Min_Stack_Size)
 *fill*         0x0000000020000228      0x400 
                0x0000000020000628                . = ALIGN (0x8)

/DISCARD/
 libc.a(*)
 libm.a(*)
 libgcc.a(*)

.ARM.attributes
                0x0000000000000000       0x2a
 *(.ARM.attributes)
 .ARM.attributes
                0x0000000000000000       0x1e c:/st/stm32cubeide_1.10.1/stm32cubeide/plugins/com.st.stm32cube.ide.mcu.externaltools.gnu-tools-for-stm32.10.3-2021.10.win32_1.0.0.202111181127/tools/bin/../lib/gcc/arm-none-eabi/10.3.1/thumb/v7e-m/nofp/crti.o
 .ARM.attributes
                0x000000000000001e       0x2e c:/st/stm32cubeide_1.10.1/stm32cubeide/plugins/com.st.stm32cube.ide.mcu.externaltools.gnu-tools-for-stm32.10.3-2021.10.win32_1.0.0.202111181127/tools/bin/../lib/gcc/arm-none-eabi/10.3.1/thumb/v7e-m/nofp/crtbegin.o
 .ARM.attributes
                0x000000000000004c       0x21 ./Application/Startup/startup_stm32wl55jcix.o
 .ARM.attributes
                0x000000000000006d       0x2e ./Application/User/main.o
 .ARM.attributes
                0x000000000000009b       0x2e ./Application/User/stm32wlxx_it.o
 .ARM.attributes
                0x00000000000000c9       0x2e ./Drivers/CMSIS/system_stm32wlxx.o
 .ARM.attributes
                0x00000000000000f7       0x2e ./Drivers/STM32WLxx_HAL_Driver/stm32wlxx_ll_exti.o
 .ARM.attributes
                0x0000000000000125       0x2e ./Drivers/STM32WLxx_HAL_Driver/stm32wlxx_ll_gpio.o
 .ARM.attributes
                0x0000000000000153       0x2e ./Drivers/STM32WLxx_HAL_Driver/stm32wlxx_ll_utils.o
 .ARM.attributes
                0x0000000000000181       0x2e c:/st/stm32cubeide_1.10.1/stm32cubeide/plugins/com.st.stm32cube.ide.mcu.externaltools.gnu-tools-for-stm32.10.3-2021.10.win32_1.0.0.202111181127/tools/bin/../lib/gcc/arm-none-eabi/10.3.1/../../../../arm-none-eabi/lib/thumb/v7e-m/nofp\libc_nano.a(lib_a-init.o)
 .ARM.attributes
                0x00000000000001af       0x1e c:/st/stm32cubeide_1.10.1/stm32cubeide/plugins/com.st.stm32cube.ide.mcu.externaltools.gnu-tools-for-stm32.10.3-2021.10.win32_1.0.0.202111181127/tools/bin/../lib/gcc/arm-none-eabi/10.3.1/thumb/v7e-m/nofp/crtn.o
OUTPUT(IWDG_RefreshUntilUserEvent_Init.elf elf32-littlearm)
LOAD linker stubs
LOAD c:/st/stm32cubeide_1.10.1/stm32cubeide/plugins/com.st.stm32cube.ide.mcu.externaltools.gnu-tools-for-stm32.10.3-2021.10.win32_1.0.0.202111181127/tools/bin/../lib/gcc/arm-none-eabi/10.3.1/../../../../arm-none-eabi/lib/thumb/v7e-m/nofp\libc.a
LOAD c:/st/stm32cubeide_1.10.1/stm32cubeide/plugins/com.st.stm32cube.ide.mcu.externaltools.gnu-tools-for-stm32.10.3-2021.10.win32_1.0.0.202111181127/tools/bin/../lib/gcc/arm-none-eabi/10.3.1/../../../../arm-none-eabi/lib/thumb/v7e-m/nofp\libm.a
LOAD c:/st/stm32cubeide_1.10.1/stm32cubeide/plugins/com.st.stm32cube.ide.mcu.externaltools.gnu-tools-for-stm32.10.3-2021.10.win32_1.0.0.202111181127/tools/bin/../lib/gcc/arm-none-eabi/10.3.1/thumb/v7e-m/nofp\libgcc.a

.debug_line     0x0000000000000000     0x35c9
 .debug_line    0x0000000000000000       0x90 ./Application/Startup/startup_stm32wl55jcix.o
 .debug_line    0x0000000000000090      0xce0 ./Application/User/main.o
 .debug_line    0x0000000000000d70      0x764 ./Application/User/stm32wlxx_it.o
 .debug_line    0x00000000000014d4      0x58a ./Drivers/CMSIS/system_stm32wlxx.o
 .debug_line    0x0000000000001a5e      0x769 ./Drivers/STM32WLxx_HAL_Driver/stm32wlxx_ll_exti.o
 .debug_line    0x00000000000021c7      0x7f5 ./Drivers/STM32WLxx_HAL_Driver/stm32wlxx_ll_gpio.o
 .debug_line    0x00000000000029bc      0xc0d ./Drivers/STM32WLxx_HAL_Driver/stm32wlxx_ll_utils.o

.debug_info     0x0000000000000000     0x417a
 .debug_info    0x0000000000000000       0x22 ./Application/Startup/startup_stm32wl55jcix.o
 .debug_info    0x0000000000000022     0x183f ./Application/User/main.o
 .debug_info    0x0000000000001861      0x3a6 ./Application/User/stm32wlxx_it.o
 .debug_info    0x0000000000001c07      0x51b ./Drivers/CMSIS/system_stm32wlxx.o
 .debug_info    0x0000000000002122      0x5f1 ./Drivers/STM32WLxx_HAL_Driver/stm32wlxx_ll_exti.o
 .debug_info    0x0000000000002713      0xb33 ./Drivers/STM32WLxx_HAL_Driver/stm32wlxx_ll_gpio.o
 .debug_info    0x0000000000003246      0xf34 ./Drivers/STM32WLxx_HAL_Driver/stm32wlxx_ll_utils.o

.debug_abbrev   0x0000000000000000      0xc4e
 .debug_abbrev  0x0000000000000000       0x12 ./Application/Startup/startup_stm32wl55jcix.o
 .debug_abbrev  0x0000000000000012      0x368 ./Application/User/main.o
 .debug_abbrev  0x000000000000037a      0x15e ./Application/User/stm32wlxx_it.o
 .debug_abbrev  0x00000000000004d8      0x127 ./Drivers/CMSIS/system_stm32wlxx.o
 .debug_abbrev  0x00000000000005ff      0x195 ./Drivers/STM32WLxx_HAL_Driver/stm32wlxx_ll_exti.o
 .debug_abbrev  0x0000000000000794      0x243 ./Drivers/STM32WLxx_HAL_Driver/stm32wlxx_ll_gpio.o
 .debug_abbrev  0x00000000000009d7      0x277 ./Drivers/STM32WLxx_HAL_Driver/stm32wlxx_ll_utils.o

.debug_aranges  0x0000000000000000      0x4a0
 .debug_aranges
                0x0000000000000000       0x28 ./Application/Startup/startup_stm32wl55jcix.o
 .debug_aranges
                0x0000000000000028      0x178 ./Application/User/main.o
 .debug_aranges
                0x00000000000001a0       0x78 ./Application/User/stm32wlxx_it.o
 .debug_aranges
                0x0000000000000218       0x28 ./Drivers/CMSIS/system_stm32wlxx.o
 .debug_aranges
                0x0000000000000240       0xb0 ./Drivers/STM32WLxx_HAL_Driver/stm32wlxx_ll_exti.o
 .debug_aranges
                0x00000000000002f0       0x70 ./Drivers/STM32WLxx_HAL_Driver/stm32wlxx_ll_gpio.o
 .debug_aranges
                0x0000000000000360      0x140 ./Drivers/STM32WLxx_HAL_Driver/stm32wlxx_ll_utils.o

.debug_str      0x0000000000000000    0x718a1
 .debug_str     0x0000000000000000       0xc5 ./Application/Startup/startup_stm32wl55jcix.o
 .debug_str     0x00000000000000c5    0x6fc13 ./Application/User/main.o
                                      0x6ffb4 (size before relaxing)
 .debug_str     0x000000000006fcd8      0x1bc ./Application/User/stm32wlxx_it.o
                                      0x6f3a1 (size before relaxing)
 .debug_str     0x000000000006fe94      0x111 ./Drivers/CMSIS/system_stm32wlxx.o
                                      0x629de (size before relaxing)
 .debug_str     0x000000000006ffa5      0x47a ./Drivers/STM32WLxx_HAL_Driver/stm32wlxx_ll_exti.o
                                      0x6348c (size before relaxing)
 .debug_str     0x000000000007041f      0x654 ./Drivers/STM32WLxx_HAL_Driver/stm32wlxx_ll_gpio.o
                                      0x64619 (size before relaxing)
 .debug_str     0x0000000000070a73      0xe2e ./Drivers/STM32WLxx_HAL_Driver/stm32wlxx_ll_utils.o
                                      0x6a08d (size before relaxing)

.debug_ranges   0x0000000000000000      0x438
 .debug_ranges  0x0000000000000000       0x20 ./Application/Startup/startup_stm32wl55jcix.o
 .debug_ranges  0x0000000000000020      0x168 ./Application/User/main.o
 .debug_ranges  0x0000000000000188       0x68 ./Application/User/stm32wlxx_it.o
 .debug_ranges  0x00000000000001f0       0x18 ./Drivers/CMSIS/system_stm32wlxx.o
 .debug_ranges  0x0000000000000208       0xa0 ./Drivers/STM32WLxx_HAL_Driver/stm32wlxx_ll_exti.o
 .debug_ranges  0x00000000000002a8       0x60 ./Drivers/STM32WLxx_HAL_Driver/stm32wlxx_ll_gpio.o
 .debug_ranges  0x0000000000000308      0x130 ./Drivers/STM32WLxx_HAL_Driver/stm32wlxx_ll_utils.o

.debug_macro    0x0000000000000000    0x1387f
 .debug_macro   0x0000000000000000      0x14b ./Application/User/main.o
 .debug_macro   0x000000000000014b      0xaba ./Application/User/main.o
 .debug_macro   0x0000000000000c05       0x2e ./Application/User/main.o
 .debug_macro   0x0000000000000c33       0x3a ./Application/User/main.o
 .debug_macro   0x0000000000000c6d       0x22 ./Application/User/main.o
 .debug_macro   0x0000000000000c8f       0x8e ./Application/User/main.o
 .debug_macro   0x0000000000000d1d       0x51 ./Application/User/main.o
 .debug_macro   0x0000000000000d6e      0x103 ./Application/User/main.o
 .debug_macro   0x0000000000000e71       0x6a ./Application/User/main.o
 .debug_macro   0x0000000000000edb      0x1df ./Application/User/main.o
 .debug_macro   0x00000000000010ba       0x1c ./Application/User/main.o
 .debug_macro   0x00000000000010d6       0x22 ./Application/User/main.o
 .debug_macro   0x00000000000010f8       0xfb ./Application/User/main.o
 .debug_macro   0x00000000000011f3     0x1011 ./Application/User/main.o
 .debug_macro   0x0000000000002204      0x11f ./Application/User/main.o
 .debug_macro   0x0000000000002323     0xf0e3 ./Application/User/main.o
 .debug_macro   0x0000000000011406       0x6d ./Application/User/main.o
 .debug_macro   0x0000000000011473       0x64 ./Application/User/main.o
 .debug_macro   0x00000000000114d7      0x68b ./Application/User/main.o
 .debug_macro   0x0000000000011b62      0x20e ./Application/User/main.o
 .debug_macro   0x0000000000011d70      0x45a ./Application/User/main.o
 .debug_macro   0x00000000000121ca      0x16e ./Application/User/main.o
 .debug_macro   0x0000000000012338      0x1ab ./Application/User/main.o
 .debug_macro   0x00000000000124e3       0x45 ./Application/User/main.o
 .debug_macro   0x0000000000012528      0x283 ./Application/User/main.o
 .debug_macro   0x00000000000127ab      0x416 ./Application/User/main.o
 .debug_macro   0x0000000000012bc1      0x2a3 ./Application/User/main.o
 .debug_macro   0x0000000000012e64      0x14a ./Application/User/main.o
 .debug_macro   0x0000000000012fae       0x52 ./Application/User/main.o
 .debug_macro   0x0000000000013000      0x155 ./Application/User/stm32wlxx_it.o
 .debug_macro   0x0000000000013155       0xd3 ./Drivers/CMSIS/system_stm32wlxx.o
 .debug_macro   0x0000000000013228       0xfa ./Drivers/STM32WLxx_HAL_Driver/stm32wlxx_ll_exti.o
 .debug_macro   0x0000000000013322      0x168 ./Drivers/STM32WLxx_HAL_Driver/stm32wlxx_ll_exti.o
 .debug_macro   0x000000000001348a      0x10f ./Drivers/STM32WLxx_HAL_Driver/stm32wlxx_ll_gpio.o
 .debug_macro   0x0000000000013599      0x144 ./Drivers/STM32WLxx_HAL_Driver/stm32wlxx_ll_gpio.o
 .debug_macro   0x00000000000136dd      0x163 ./Drivers/STM32WLxx_HAL_Driver/stm32wlxx_ll_utils.o
 .debug_macro   0x0000000000013840       0x3f ./Drivers/STM32WLxx_HAL_Driver/stm32wlxx_ll_utils.o

.comment        0x0000000000000000       0x50
 .comment       0x0000000000000000       0x50 ./Application/User/main.o
                                         0x51 (size before relaxing)
 .comment       0x0000000000000050       0x51 ./Application/User/stm32wlxx_it.o
 .comment       0x0000000000000050       0x51 ./Drivers/CMSIS/system_stm32wlxx.o
 .comment       0x0000000000000050       0x51 ./Drivers/STM32WLxx_HAL_Driver/stm32wlxx_ll_exti.o
 .comment       0x0000000000000050       0x51 ./Drivers/STM32WLxx_HAL_Driver/stm32wlxx_ll_gpio.o
 .comment       0x0000000000000050       0x51 ./Drivers/STM32WLxx_HAL_Driver/stm32wlxx_ll_utils.o

.debug_frame    0x0000000000000000     0x1238
 .debug_frame   0x0000000000000000      0x650 ./Application/User/main.o
 .debug_frame   0x0000000000000650      0x17c ./Application/User/stm32wlxx_it.o
 .debug_frame   0x00000000000007cc       0x58 ./Drivers/CMSIS/system_stm32wlxx.o
 .debug_frame   0x0000000000000824      0x2fc ./Drivers/STM32WLxx_HAL_Driver/stm32wlxx_ll_exti.o
 .debug_frame   0x0000000000000b20      0x1c0 ./Drivers/STM32WLxx_HAL_Driver/stm32wlxx_ll_gpio.o
 .debug_frame   0x0000000000000ce0      0x52c ./Drivers/STM32WLxx_HAL_Driver/stm32wlxx_ll_utils.o
 .debug_frame   0x000000000000120c       0x2c c:/st/stm32cubeide_1.10.1/stm32cubeide/plugins/com.st.stm32cube.ide.mcu.externaltools.gnu-tools-for-stm32.10.3-2021.10.win32_1.0.0.202111181127/tools/bin/../lib/gcc/arm-none-eabi/10.3.1/../../../../arm-none-eabi/lib/thumb/v7e-m/nofp\libc_nano.a(lib_a-init.o)
