../../../../../../../Drivers/CMSIS/Include/core_cm4.h:1648:22:__NVIC_SetPriorityGrouping	24	static
../../../../../../../Drivers/CMSIS/Include/core_cm4.h:1667:26:__NVIC_GetPriorityGrouping	4	static
../../../../../../../Drivers/CMSIS/Include/core_cm4.h:1679:22:__NVIC_EnableIRQ	16	static,ignoring_inline_asm
../../../../../../../Drivers/CMSIS/Include/core_cm4.h:1809:22:__NVIC_SetPriority	16	static
../../../../../../../Drivers/CMSIS/Include/core_cm4.h:1856:26:NVIC_EncodePriority	40	static
../../../../../../../Drivers/STM32WLxx_HAL_Driver/Inc/stm32wlxx_ll_iwdg.h:141:22:LL_IWDG_Enable	16	static
../../../../../../../Drivers/STM32WLxx_HAL_Driver/Inc/stm32wlxx_ll_iwdg.h:152:22:LL_IWDG_ReloadCounter	16	static
../../../../../../../Drivers/STM32WLxx_HAL_Driver/Inc/stm32wlxx_ll_iwdg.h:163:22:LL_IWDG_EnableWriteAccess	16	static
../../../../../../../Drivers/STM32WLxx_HAL_Driver/Inc/stm32wlxx_ll_iwdg.h:193:22:LL_IWDG_SetPrescaler	16	static
../../../../../../../Drivers/STM32WLxx_HAL_Driver/Inc/stm32wlxx_ll_iwdg.h:223:22:LL_IWDG_SetReloadCounter	16	static
../../../../../../../Drivers/STM32WLxx_HAL_Driver/Inc/stm32wlxx_ll_iwdg.h:311:26:LL_IWDG_IsReady	16	static
../../../../../../../Drivers/STM32WLxx_HAL_Driver/Inc/stm32wlxx_ll_rcc.h:1389:22:LL_RCC_LSI_Enable	4	static
../../../../../../../Drivers/STM32WLxx_HAL_Driver/Inc/stm32wlxx_ll_rcc.h:1409:26:LL_RCC_LSI_IsReady	4	static
../../../../../../../Drivers/STM32WLxx_HAL_Driver/Inc/stm32wlxx_ll_rcc.h:1427:22:LL_RCC_MSI_Enable	4	static
../../../../../../../Drivers/STM32WLxx_HAL_Driver/Inc/stm32wlxx_ll_rcc.h:1447:26:LL_RCC_MSI_IsReady	4	static
../../../../../../../Drivers/STM32WLxx_HAL_Driver/Inc/stm32wlxx_ll_rcc.h:1486:22:LL_RCC_MSI_EnableRangeSelection	4	static
../../../../../../../Drivers/STM32WLxx_HAL_Driver/Inc/stm32wlxx_ll_rcc.h:1519:22:LL_RCC_MSI_SetRange	16	static
../../../../../../../Drivers/STM32WLxx_HAL_Driver/Inc/stm32wlxx_ll_rcc.h:1594:22:LL_RCC_MSI_SetCalibTrimming	16	static
../../../../../../../Drivers/STM32WLxx_HAL_Driver/Inc/stm32wlxx_ll_rcc.h:1730:22:LL_RCC_SetSysClkSource	16	static
../../../../../../../Drivers/STM32WLxx_HAL_Driver/Inc/stm32wlxx_ll_rcc.h:1744:26:LL_RCC_GetSysClkSource	4	static
../../../../../../../Drivers/STM32WLxx_HAL_Driver/Inc/stm32wlxx_ll_rcc.h:1770:22:LL_RCC_SetAHBPrescaler	16	static
../../../../../../../Drivers/STM32WLxx_HAL_Driver/Inc/stm32wlxx_ll_rcc.h:1822:22:LL_RCC_SetAHB3Prescaler	16	static
../../../../../../../Drivers/STM32WLxx_HAL_Driver/Inc/stm32wlxx_ll_rcc.h:1838:22:LL_RCC_SetAPB1Prescaler	16	static
../../../../../../../Drivers/STM32WLxx_HAL_Driver/Inc/stm32wlxx_ll_rcc.h:1854:22:LL_RCC_SetAPB2Prescaler	16	static
../../../../../../../Drivers/STM32WLxx_HAL_Driver/Inc/stm32wlxx_ll_rcc.h:3088:26:LL_RCC_IsActiveFlag_IWDGRST	4	static
../../../../../../../Drivers/STM32WLxx_HAL_Driver/Inc/stm32wlxx_ll_rcc.h:3168:22:LL_RCC_ClearResetFlags	4	static
../../../../../../../Drivers/STM32WLxx_HAL_Driver/Inc/stm32wlxx_ll_bus.h:449:22:LL_AHB2_GRP1_EnableClock	24	static
../../../../../../../Drivers/STM32WLxx_HAL_Driver/Inc/stm32wlxx_ll_system.h:552:22:LL_SYSCFG_SetEXTISource	32	static,ignoring_inline_asm
../../../../../../../Drivers/STM32WLxx_HAL_Driver/Inc/stm32wlxx_ll_system.h:1582:22:LL_FLASH_SetLatency	16	static
../../../../../../../Drivers/STM32WLxx_HAL_Driver/Inc/stm32wlxx_ll_system.h:1595:26:LL_FLASH_GetLatency	4	static
../../../../../../../Drivers/STM32WLxx_HAL_Driver/Inc/stm32wlxx_ll_pwr.h:379:22:LL_PWR_SetRegulVoltageScaling	16	static
../../../../../../../Drivers/STM32WLxx_HAL_Driver/Inc/stm32wlxx_ll_gpio.h:278:22:LL_GPIO_SetPinMode	48	static,ignoring_inline_asm
../../../../../../../Drivers/STM32WLxx_HAL_Driver/Inc/stm32wlxx_ll_gpio.h:509:22:LL_GPIO_SetPinPull	48	static,ignoring_inline_asm
../../../../../../../Drivers/STM32WLxx_HAL_Driver/Inc/stm32wlxx_ll_gpio.h:936:22:LL_GPIO_SetOutputPin	16	static
../../../../../../../Drivers/STM32WLxx_HAL_Driver/Inc/stm32wlxx_ll_gpio.h:965:22:LL_GPIO_ResetOutputPin	16	static
../../../../../../../Drivers/STM32WLxx_HAL_Driver/Inc/stm32wlxx_ll_gpio.h:994:22:LL_GPIO_TogglePin	24	static
C:/Users/DELL/Desktop/STM32Cube_FW_WL_V1.2.0/Projects/NUCLEO-WL55JC/Examples_LL/IWDG/IWDG_RefreshUntilUserEvent_Init/Src/main.c:69:5:main	8	static
C:/Users/DELL/Desktop/STM32Cube_FW_WL_V1.2.0/Projects/NUCLEO-WL55JC/Examples_LL/IWDG/IWDG_RefreshUntilUserEvent_Init/Src/main.c:130:6:SystemClock_Config	8	static
C:/Users/DELL/Desktop/STM32Cube_FW_WL_V1.2.0/Projects/NUCLEO-WL55JC/Examples_LL/IWDG/IWDG_RefreshUntilUserEvent_Init/Src/main.c:178:13:MX_IWDG_Init	8	static
C:/Users/DELL/Desktop/STM32Cube_FW_WL_V1.2.0/Projects/NUCLEO-WL55JC/Examples_LL/IWDG/IWDG_RefreshUntilUserEvent_Init/Src/main.c:208:13:MX_GPIO_Init	48	static
C:/Users/DELL/Desktop/STM32Cube_FW_WL_V1.2.0/Projects/NUCLEO-WL55JC/Examples_LL/IWDG/IWDG_RefreshUntilUserEvent_Init/Src/main.c:258:6:Check_IWDG_Reset	8	static
C:/Users/DELL/Desktop/STM32Cube_FW_WL_V1.2.0/Projects/NUCLEO-WL55JC/Examples_LL/IWDG/IWDG_RefreshUntilUserEvent_Init/Src/main.c:285:6:LED_On	8	static
C:/Users/DELL/Desktop/STM32Cube_FW_WL_V1.2.0/Projects/NUCLEO-WL55JC/Examples_LL/IWDG/IWDG_RefreshUntilUserEvent_Init/Src/main.c:300:6:UserButton_Callback	4	static
C:/Users/DELL/Desktop/STM32Cube_FW_WL_V1.2.0/Projects/NUCLEO-WL55JC/Examples_LL/IWDG/IWDG_RefreshUntilUserEvent_Init/Src/main.c:312:6:Error_Handler	4	static
