Archive member included to satisfy reference by file (symbol)

c:/st/stm32cubeide_1.10.1/stm32cubeide/plugins/com.st.stm32cube.ide.mcu.externaltools.gnu-tools-for-stm32.10.3-2021.10.win32_1.0.0.202111181127/tools/bin/../lib/gcc/arm-none-eabi/10.3.1/../../../../arm-none-eabi/lib/thumb/v7e-m/nofp\libc_nano.a(lib_a-errno.o)
                              ./Application/User/syscalls.o (__errno)
c:/st/stm32cubeide_1.10.1/stm32cubeide/plugins/com.st.stm32cube.ide.mcu.externaltools.gnu-tools-for-stm32.10.3-2021.10.win32_1.0.0.202111181127/tools/bin/../lib/gcc/arm-none-eabi/10.3.1/../../../../arm-none-eabi/lib/thumb/v7e-m/nofp\libc_nano.a(lib_a-exit.o)
                              c:/st/stm32cubeide_1.10.1/stm32cubeide/plugins/com.st.stm32cube.ide.mcu.externaltools.gnu-tools-for-stm32.10.3-2021.10.win32_1.0.0.202111181127/tools/bin/../lib/gcc/arm-none-eabi/10.3.1/../../../../arm-none-eabi/lib/thumb/v7e-m/nofp/crt0.o (exit)
c:/st/stm32cubeide_1.10.1/stm32cubeide/plugins/com.st.stm32cube.ide.mcu.externaltools.gnu-tools-for-stm32.10.3-2021.10.win32_1.0.0.202111181127/tools/bin/../lib/gcc/arm-none-eabi/10.3.1/../../../../arm-none-eabi/lib/thumb/v7e-m/nofp\libc_nano.a(lib_a-impure.o)
                              c:/st/stm32cubeide_1.10.1/stm32cubeide/plugins/com.st.stm32cube.ide.mcu.externaltools.gnu-tools-for-stm32.10.3-2021.10.win32_1.0.0.202111181127/tools/bin/../lib/gcc/arm-none-eabi/10.3.1/../../../../arm-none-eabi/lib/thumb/v7e-m/nofp\libc_nano.a(lib_a-exit.o) (_global_impure_ptr)
c:/st/stm32cubeide_1.10.1/stm32cubeide/plugins/com.st.stm32cube.ide.mcu.externaltools.gnu-tools-for-stm32.10.3-2021.10.win32_1.0.0.202111181127/tools/bin/../lib/gcc/arm-none-eabi/10.3.1/../../../../arm-none-eabi/lib/thumb/v7e-m/nofp\libc_nano.a(lib_a-init.o)
                              c:/st/stm32cubeide_1.10.1/stm32cubeide/plugins/com.st.stm32cube.ide.mcu.externaltools.gnu-tools-for-stm32.10.3-2021.10.win32_1.0.0.202111181127/tools/bin/../lib/gcc/arm-none-eabi/10.3.1/../../../../arm-none-eabi/lib/thumb/v7e-m/nofp/crt0.o (__libc_init_array)
c:/st/stm32cubeide_1.10.1/stm32cubeide/plugins/com.st.stm32cube.ide.mcu.externaltools.gnu-tools-for-stm32.10.3-2021.10.win32_1.0.0.202111181127/tools/bin/../lib/gcc/arm-none-eabi/10.3.1/../../../../arm-none-eabi/lib/thumb/v7e-m/nofp\libc_nano.a(lib_a-memset.o)
                              c:/st/stm32cubeide_1.10.1/stm32cubeide/plugins/com.st.stm32cube.ide.mcu.externaltools.gnu-tools-for-stm32.10.3-2021.10.win32_1.0.0.202111181127/tools/bin/../lib/gcc/arm-none-eabi/10.3.1/../../../../arm-none-eabi/lib/thumb/v7e-m/nofp/crt0.o (memset)

Discarded input sections

 .text          0x0000000000000000        0x0 c:/st/stm32cubeide_1.10.1/stm32cubeide/plugins/com.st.stm32cube.ide.mcu.externaltools.gnu-tools-for-stm32.10.3-2021.10.win32_1.0.0.202111181127/tools/bin/../lib/gcc/arm-none-eabi/10.3.1/thumb/v7e-m/nofp/crti.o
 .data          0x0000000000000000        0x0 c:/st/stm32cubeide_1.10.1/stm32cubeide/plugins/com.st.stm32cube.ide.mcu.externaltools.gnu-tools-for-stm32.10.3-2021.10.win32_1.0.0.202111181127/tools/bin/../lib/gcc/arm-none-eabi/10.3.1/thumb/v7e-m/nofp/crti.o
 .bss           0x0000000000000000        0x0 c:/st/stm32cubeide_1.10.1/stm32cubeide/plugins/com.st.stm32cube.ide.mcu.externaltools.gnu-tools-for-stm32.10.3-2021.10.win32_1.0.0.202111181127/tools/bin/../lib/gcc/arm-none-eabi/10.3.1/thumb/v7e-m/nofp/crti.o
 .data          0x0000000000000000        0x4 c:/st/stm32cubeide_1.10.1/stm32cubeide/plugins/com.st.stm32cube.ide.mcu.externaltools.gnu-tools-for-stm32.10.3-2021.10.win32_1.0.0.202111181127/tools/bin/../lib/gcc/arm-none-eabi/10.3.1/thumb/v7e-m/nofp/crtbegin.o
 .rodata        0x0000000000000000       0x24 c:/st/stm32cubeide_1.10.1/stm32cubeide/plugins/com.st.stm32cube.ide.mcu.externaltools.gnu-tools-for-stm32.10.3-2021.10.win32_1.0.0.202111181127/tools/bin/../lib/gcc/arm-none-eabi/10.3.1/thumb/v7e-m/nofp/crtbegin.o
 .text          0x0000000000000000       0x7c c:/st/stm32cubeide_1.10.1/stm32cubeide/plugins/com.st.stm32cube.ide.mcu.externaltools.gnu-tools-for-stm32.10.3-2021.10.win32_1.0.0.202111181127/tools/bin/../lib/gcc/arm-none-eabi/10.3.1/../../../../arm-none-eabi/lib/thumb/v7e-m/nofp/crt0.o
 .data          0x0000000000000000        0x0 c:/st/stm32cubeide_1.10.1/stm32cubeide/plugins/com.st.stm32cube.ide.mcu.externaltools.gnu-tools-for-stm32.10.3-2021.10.win32_1.0.0.202111181127/tools/bin/../lib/gcc/arm-none-eabi/10.3.1/../../../../arm-none-eabi/lib/thumb/v7e-m/nofp/crt0.o
 .bss           0x0000000000000000        0x0 c:/st/stm32cubeide_1.10.1/stm32cubeide/plugins/com.st.stm32cube.ide.mcu.externaltools.gnu-tools-for-stm32.10.3-2021.10.win32_1.0.0.202111181127/tools/bin/../lib/gcc/arm-none-eabi/10.3.1/../../../../arm-none-eabi/lib/thumb/v7e-m/nofp/crt0.o
[...]
Memory Configuration

Name             Origin             Length             Attributes
ROM              0x0000000008000000 0x0000000000040000 xr
RAM1             0x0000000020000000 0x0000000000008000 xrw
RAM2             0x0000000020008000 0x0000000000008000 xrw
*default*        0x0000000000000000 0xffffffffffffffff

Linker script and memory map

LOAD c:/st/stm32cubeide_1.10.1/stm32cubeide/plugins/com.st.stm32cube.ide.mcu.externaltools.gnu-tools-for-stm32.10.3-2021.10.win32_1.0.0.202111181127/tools/bin/../lib/gcc/arm-none-eabi/10.3.1/thumb/v7e-m/nofp/crti.o
LOAD c:/st/stm32cubeide_1.10.1/stm32cubeide/plugins/com.st.stm32cube.ide.mcu.externaltools.gnu-tools-for-stm32.10.3-2021.10.win32_1.0.0.202111181127/tools/bin/../lib/gcc/arm-none-eabi/10.3.1/thumb/v7e-m/nofp/crtbegin.o
LOAD c:/st/stm32cubeide_1.10.1/stm32cubeide/plugins/com.st.stm32cube.ide.mcu.externaltools.gnu-tools-for-stm32.10.3-2021.10.win32_1.0.0.202111181127/tools/bin/../lib/gcc/arm-none-eabi/10.3.1/../../../../arm-none-eabi/lib/thumb/v7e-m/nofp/crt0.o
LOAD ./Application/Startup/startup_stm32wl55jcix.o
LOAD ./Application/User/main.o
LOAD ./Application/User/stm32wlxx_it.o
LOAD ./Application/User/syscalls.o
LOAD ./Application/User/sysmem.o
LOAD ./Drivers/CMSIS/system_stm32wlxx.o
LOAD ./Drivers/STM32WLxx_HAL_Driver/stm32wlxx_ll_exti.o
LOAD ./Drivers/STM32WLxx_HAL_Driver/stm32wlxx_ll_gpio.o
LOAD ./Drivers/STM32WLxx_HAL_Driver/stm32wlxx_ll_pwr.o
LOAD ./Drivers/STM32WLxx_HAL_Driver/stm32wlxx_ll_rcc.o
LOAD ./Drivers/STM32WLxx_HAL_Driver/stm32wlxx_ll_utils.o
START GROUP
LOAD c:/st/stm32cubeide_1.10.1/stm32cubeide/plugins/com.st.stm32cube.ide.mcu.externaltools.gnu-tools-for-stm32.10.3-2021.10.win32_1.0.0.202111181127/tools/bin/../lib/gcc/arm-none-eabi/10.3.1/../../../../arm-none-eabi/lib/thumb/v7e-m/nofp\libc_nano.a
LOAD c:/st/stm32cubeide_1.10.1/stm32cubeide/plugins/com.st.stm32cube.ide.mcu.externaltools.gnu-tools-for-stm32.10.3-2021.10.win32_1.0.0.202111181127/tools/bin/../lib/gcc/arm-none-eabi/10.3.1/../../../../arm-none-eabi/lib/thumb/v7e-m/nofp\libm.a
END GROUP
START GROUP
LOAD c:/st/stm32cubeide_1.10.1/stm32cubeide/plugins/com.st.stm32cube.ide.mcu.externaltools.gnu-tools-for-stm32.10.3-2021.10.win32_1.0.0.202111181127/tools/bin/../lib/gcc/arm-none-eabi/10.3.1/thumb/v7e-m/nofp\libgcc.a
LOAD c:/st/stm32cubeide_1.10.1/stm32cubeide/plugins/com.st.stm32cube.ide.mcu.externaltools.gnu-tools-for-stm32.10.3-2021.10.win32_1.0.0.202111181127/tools/bin/../lib/gcc/arm-none-eabi/10.3.1/../../../../arm-none-eabi/lib/thumb/v7e-m/nofp\libc_nano.a
END GROUP
START GROUP
LOAD c:/st/stm32cubeide_1.10.1/stm32cubeide/plugins/com.st.stm32cube.ide.mcu.externaltools.gnu-tools-for-stm32.10.3-2021.10.win32_1.0.0.202111181127/tools/bin/../lib/gcc/arm-none-eabi/10.3.1/thumb/v7e-m/nofp\libgcc.a
LOAD c:/st/stm32cubeide_1.10.1/stm32cubeide/plugins/com.st.stm32cube.ide.mcu.externaltools.gnu-tools-for-stm32.10.3-2021.10.win32_1.0.0.202111181127/tools/bin/../lib/gcc/arm-none-eabi/10.3.1/../../../../arm-none-eabi/lib/thumb/v7e-m/nofp\libc_nano.a
LOAD c:/st/stm32cubeide_1.10.1/stm32cubeide/plugins/com.st.stm32cube.ide.mcu.externaltools.gnu-tools-for-stm32.10.3-2021.10.win32_1.0.0.202111181127/tools/bin/../lib/gcc/arm-none-eabi/10.3.1/../../../../arm-none-eabi/lib/thumb/v7e-m/nofp\libnosys.a
END GROUP
START GROUP
LOAD c:/st/stm32cubeide_1.10.1/stm32cubeide/plugins/com.st.stm32cube.ide.mcu.externaltools.gnu-tools-for-stm32.10.3-2021.10.win32_1.0.0.202111181127/tools/bin/../lib/gcc/arm-none-eabi/10.3.1/thumb/v7e-m/nofp\libgcc.a
LOAD c:/st/stm32cubeide_1.10.1/stm32cubeide/plugins/com.st.stm32cube.ide.mcu.externaltools.gnu-tools-for-stm32.10.3-2021.10.win32_1.0.0.202111181127/tools/bin/../lib/gcc/arm-none-eabi/10.3.1/../../../../arm-none-eabi/lib/thumb/v7e-m/nofp\libc_nano.a
LOAD c:/st/stm32cubeide_1.10.1/stm32cubeide/plugins/com.st.stm32cube.ide.mcu.externaltools.gnu-tools-for-stm32.10.3-2021.10.win32_1.0.0.202111181127/tools/bin/../lib/gcc/arm-none-eabi/10.3.1/../../../../arm-none-eabi/lib/thumb/v7e-m/nofp\libnosys.a
END GROUP
LOAD c:/st/stm32cubeide_1.10.1/stm32cubeide/plugins/com.st.stm32cube.ide.mcu.externaltools.gnu-tools-for-stm32.10.3-2021.10.win32_1.0.0.202111181127/tools/bin/../lib/gcc/arm-none-eabi/10.3.1/thumb/v7e-m/nofp/crtend.o
LOAD c:/st/stm32cubeide_1.10.1/stm32cubeide/plugins/com.st.stm32cube.ide.mcu.externaltools.gnu-tools-for-stm32.10.3-2021.10.win32_1.0.0.202111181127/tools/bin/../lib/gcc/arm-none-eabi/10.3.1/thumb/v7e-m/nofp/crtn.o
                0x0000000020008000                _estack = (ORIGIN (RAM1) + LENGTH (RAM1))
                0x0000000000000200                _Min_Heap_Size = 0x200
                0x0000000000000400                _Min_Stack_Size = 0x400

.isr_vector     0x0000000008000000      0x138
                0x0000000008000000                . = ALIGN (0x8)
 *(.isr_vector)
 .isr_vector    0x0000000008000000      0x138 ./Application/Startup/startup_stm32wl55jcix.o
                0x0000000008000000                g_pfnVectors
                0x0000000008000138                . = ALIGN (0x8)

.text           0x0000000008000138      0xf28
                0x0000000008000138                . = ALIGN (0x8)
 *(.text)
 .text          0x0000000008000138       0x40 c:/st/stm32cubeide_1.10.1/stm32cubeide/plugins/com.st.stm32cube.ide.mcu.externaltools.gnu-tools-for-stm32.10.3-2021.10.win32_1.0.0.202111181127/tools/bin/../lib/gcc/arm-none-eabi/10.3.1/thumb/v7e-m/nofp/crtbegin.o
 *(.text*)
 .text.Reset_Handler
                0x0000000008000178       0x50 ./Application/Startup/startup_stm32wl55jcix.o
                0x0000000008000178                Reset_Handler
 .text.Default_Handler
                0x00000000080001c8        0x2 ./Application/Startup/startup_stm32wl55jcix.o
                0x00000000080001c8                RTC_Alarm_IRQHandler
                0x00000000080001c8                EXTI2_IRQHandler
                0x00000000080001c8                TIM1_CC_IRQHandler
                0x00000000080001c8                EXTI3_IRQHandler
                0x00000000080001c8                LPTIM2_IRQHandler
                0x00000000080001c8                I2C3_ER_IRQHandler
                0x00000000080001c8                LPTIM3_IRQHandler
                0x00000000080001c8                I2C2_EV_IRQHandler
                0x00000000080001c8                TAMP_STAMP_LSECSS_SSRU_IRQHandler
                0x00000000080001c8                SPI1_IRQHandler
                0x00000000080001c8                DMA2_Channel2_IRQHandler
                0x00000000080001c8                DMA1_Channel4_IRQHandler
                0x00000000080001c8                PKA_IRQHandler
                0x00000000080001c8                TIM17_IRQHandler
                0x00000000080001c8                DMA1_Channel7_IRQHandler
                0x00000000080001c8                SUBGHZSPI_IRQHandler
                0x00000000080001c8                IPCC_C1_TX_IRQHandler
                0x00000000080001c8                DMA2_Channel1_IRQHandler
                0x00000000080001c8                I2C1_EV_IRQHandler
                0x00000000080001c8                SUBGHZ_Radio_IRQHandler
                0x00000000080001c8                DMAMUX1_OVR_IRQHandler
                0x00000000080001c8                DMA1_Channel6_IRQHandler
                0x00000000080001c8                TIM16_IRQHandler
                0x00000000080001c8                DMA2_Channel4_IRQHandler
                0x00000000080001c8                RCC_IRQHandler
                0x00000000080001c8                TIM1_TRG_COM_IRQHandler
                0x00000000080001c8                DMA1_Channel1_IRQHandler
                0x00000000080001c8                Default_Handler
                0x00000000080001c8                DMA2_Channel7_IRQHandler
                0x00000000080001c8                EXTI15_10_IRQHandler
                0x00000000080001c8                IPCC_C1_RX_IRQHandler
                0x00000000080001c8                ADC_IRQHandler
                0x00000000080001c8                C2SEV_PWR_C2H_IRQHandler
                0x00000000080001c8                I2C3_EV_IRQHandler
                0x00000000080001c8                EXTI9_5_IRQHandler
                0x00000000080001c8                RTC_WKUP_IRQHandler
                0x00000000080001c8                PVD_PVM_IRQHandler
                0x00000000080001c8                SPI2_IRQHandler
                0x00000000080001c8                DMA2_Channel5_IRQHandler
                0x00000000080001c8                DMA1_Channel5_IRQHandler
                0x00000000080001c8                EXTI4_IRQHandler
                0x00000000080001c8                RNG_IRQHandler
                0x00000000080001c8                DMA1_Channel3_IRQHandler
                0x00000000080001c8                COMP_IRQHandler
                0x00000000080001c8                HSEM_IRQHandler
                0x00000000080001c8                TIM1_UP_IRQHandler
                0x00000000080001c8                WWDG_IRQHandler
                0x00000000080001c8                LPUART1_IRQHandler
                0x00000000080001c8                DMA2_Channel6_IRQHandler
                0x00000000080001c8                TIM2_IRQHandler
                0x00000000080001c8                TIM1_BRK_IRQHandler
                0x00000000080001c8                DAC_IRQHandler
                0x00000000080001c8                EXTI1_IRQHandler
                0x00000000080001c8                AES_IRQHandler
                0x00000000080001c8                USART2_IRQHandler
                0x00000000080001c8                I2C2_ER_IRQHandler
                0x00000000080001c8                DMA1_Channel2_IRQHandler
                0x00000000080001c8                FLASH_IRQHandler
                0x00000000080001c8                USART1_IRQHandler
                0x00000000080001c8                I2C1_ER_IRQHandler
                0x00000000080001c8                LPTIM1_IRQHandler
                0x00000000080001c8                DMA2_Channel3_IRQHandler
 *fill*         0x00000000080001ca        0x2 
 .text.__NVIC_SetPriorityGrouping
                0x00000000080001cc       0x48 ./Application/User/main.o
 .text.__NVIC_EnableIRQ
                0x0000000008000214       0x38 ./Application/User/main.o
 .text.__NVIC_SetPriority
                0x000000000800024c       0x54 ./Application/User/main.o
 .text.LL_RCC_HSI_Enable
                0x00000000080002a0       0x1c ./Application/User/main.o
 .text.LL_RCC_HSI_IsReady
                0x00000000080002bc       0x22 ./Application/User/main.o
 .text.LL_RCC_HSI_SetCalibTrimming
                0x00000000080002de       0x28 ./Application/User/main.o
 .text.LL_RCC_SetSysClkSource
                0x0000000008000306       0x26 ./Application/User/main.o
 .text.LL_RCC_GetSysClkSource
                0x000000000800032c       0x16 ./Application/User/main.o
 .text.LL_RCC_SetAHBPrescaler
                0x0000000008000342       0x26 ./Application/User/main.o
 .text.LL_RCC_SetAHB3Prescaler
                0x0000000008000368       0x2c ./Application/User/main.o
 .text.LL_RCC_SetAPB1Prescaler
                0x0000000008000394       0x26 ./Application/User/main.o
 .text.LL_RCC_SetAPB2Prescaler
                0x00000000080003ba       0x26 ./Application/User/main.o
 .text.LL_AHB2_GRP1_EnableClock
                0x00000000080003e0       0x30 ./Application/User/main.o
 .text.LL_SYSCFG_SetEXTISource
                0x0000000008000410       0x6c ./Application/User/main.o
 .text.LL_FLASH_SetLatency
                0x000000000800047c       0x28 ./Application/User/main.o
 .text.LL_FLASH_GetLatency
                0x00000000080004a4       0x18 ./Application/User/main.o
 .text.LL_EXTI_EnableIT_0_31
                0x00000000080004bc       0x28 ./Application/User/main.o
 .text.LL_EXTI_EnableFallingTrig_0_31
                0x00000000080004e4       0x24 ./Application/User/main.o
 .text.LL_LPM_EnableDeepSleep
                0x0000000008000508       0x1c ./Application/User/main.o
 .text.LL_PWR_SetRegulVoltageScaling
                0x0000000008000524       0x28 ./Application/User/main.o
 .text.LL_PWR_SetPowerMode
                0x000000000800054c       0x28 ./Application/User/main.o
 .text.LL_PWR_EnablePUPDCfg
                0x0000000008000574       0x1c ./Application/User/main.o
 .text.LL_PWR_EnableWakeUpPin
                0x0000000008000590       0x24 ./Application/User/main.o
 .text.LL_PWR_DisableWakeUpPin
                0x00000000080005b4       0x24 ./Application/User/main.o
 .text.LL_PWR_EnableGPIOPullUp
                0x00000000080005d8       0x20 ./Application/User/main.o
 .text.LL_PWR_IsActiveFlag_WU1
                0x00000000080005f8       0x24 ./Application/User/main.o
 .text.LL_PWR_ClearFlag_WU
                0x000000000800061c       0x18 ./Application/User/main.o
 .text.LL_PWR_ClearFlag_WU1
                0x0000000008000634       0x18 ./Application/User/main.o
 .text.LL_PWR_IsActiveFlag_C1SB
                0x000000000800064c       0x28 ./Application/User/main.o
 .text.LL_PWR_ClearFlag_C1STOP_C1STB
                0x0000000008000674       0x18 ./Application/User/main.o
 .text.LL_GPIO_SetPinMode
                0x000000000800068c       0x78 ./Application/User/main.o
 .text.LL_GPIO_SetPinPull
                0x0000000008000704       0x78 ./Application/User/main.o
 .text.LL_GPIO_IsInputPinSet
                0x000000000800077c       0x28 ./Application/User/main.o
 .text.LL_GPIO_ResetOutputPin
                0x00000000080007a4       0x1a ./Application/User/main.o
 .text.LL_GPIO_TogglePin
                0x00000000080007be       0x30 ./Application/User/main.o
 .text.LL_IWDG_Enable
                0x00000000080007ee       0x1a ./Application/User/main.o
 .text.LL_IWDG_ReloadCounter
                0x0000000008000808       0x1a ./Application/User/main.o
 .text.LL_IWDG_EnableWriteAccess
                0x0000000008000822       0x1a ./Application/User/main.o
 .text.LL_IWDG_SetPrescaler
                0x000000000800083c       0x1e ./Application/User/main.o
 .text.LL_IWDG_SetReloadCounter
                0x000000000800085a       0x1e ./Application/User/main.o
 .text.LL_IWDG_IsReady
                0x0000000008000878       0x24 ./Application/User/main.o
 .text.MX_IWDG_Init
                0x000000000800089c       0x40 ./Application/User/main.o
 .text.main     0x00000000080008dc       0x2e ./Application/User/main.o
                0x00000000080008dc                main
 *fill*         0x000000000800090a        0x2 
 .text.SystemClock_Config
                0x000000000800090c       0x74 ./Application/User/main.o
                0x000000000800090c                SystemClock_Config
 .text.MX_GPIO_Init
                0x0000000008000980       0x54 ./Application/User/main.o
 .text.LED_Blinking
                0x00000000080009d4       0x20 ./Application/User/main.o
                0x00000000080009d4                LED_Blinking
 .text.UserButton_Init
                0x00000000080009f4       0x58 ./Application/User/main.o
                0x00000000080009f4                UserButton_Init
 .text.UserButton_GetState
                0x0000000008000a4c       0x14 ./Application/User/main.o
                0x0000000008000a4c                UserButton_GetState
 .text.Configure_PWR
                0x0000000008000a60       0x38 ./Application/User/main.o
                0x0000000008000a60                Configure_PWR
 .text.EnterStandbyMode
                0x0000000008000a98       0x54 ./Application/User/main.o
                0x0000000008000a98                EnterStandbyMode
 .text.UserButton_Callback
                0x0000000008000aec       0x1c ./Application/User/main.o
                0x0000000008000aec                UserButton_Callback
 .text.LL_EXTI_IsActiveFlag_0_31
                0x0000000008000b08       0x2c ./Application/User/stm32wlxx_it.o
 .text.LL_EXTI_ClearFlag_0_31
                0x0000000008000b34       0x1c ./Application/User/stm32wlxx_it.o
 .text.NMI_Handler
                0x0000000008000b50        0xc ./Application/User/stm32wlxx_it.o
                0x0000000008000b50                NMI_Handler
 .text.HardFault_Handler
                0x0000000008000b5c        0x6 ./Application/User/stm32wlxx_it.o
                0x0000000008000b5c                HardFault_Handler
 .text.MemManage_Handler
                0x0000000008000b62        0x6 ./Application/User/stm32wlxx_it.o
                0x0000000008000b62                MemManage_Handler
 .text.BusFault_Handler
                0x0000000008000b68        0x6 ./Application/User/stm32wlxx_it.o
                0x0000000008000b68                BusFault_Handler
 .text.UsageFault_Handler
                0x0000000008000b6e        0x6 ./Application/User/stm32wlxx_it.o
                0x0000000008000b6e                UsageFault_Handler
 .text.SVC_Handler
                0x0000000008000b74        0xc ./Application/User/stm32wlxx_it.o
                0x0000000008000b74                SVC_Handler
 .text.DebugMon_Handler
                0x0000000008000b80        0xc ./Application/User/stm32wlxx_it.o
                0x0000000008000b80                DebugMon_Handler
 .text.PendSV_Handler
                0x0000000008000b8c        0xc ./Application/User/stm32wlxx_it.o
                0x0000000008000b8c                PendSV_Handler
 .text.SysTick_Handler
                0x0000000008000b98        0xc ./Application/User/stm32wlxx_it.o
                0x0000000008000b98                SysTick_Handler
 .text.EXTI0_IRQHandler
                0x0000000008000ba4       0x1e ./Application/User/stm32wlxx_it.o
                0x0000000008000ba4                EXTI0_IRQHandler
 .text.SystemInit
                0x0000000008000bc2        0xc ./Drivers/CMSIS/system_stm32wlxx.o
                0x0000000008000bc2                SystemInit
 .text.LL_GPIO_SetPinMode
                0x0000000008000bce       0x78 ./Drivers/STM32WLxx_HAL_Driver/stm32wlxx_ll_gpio.o
 .text.LL_GPIO_SetPinOutputType
                0x0000000008000c46       0x2e ./Drivers/STM32WLxx_HAL_Driver/stm32wlxx_ll_gpio.o
 .text.LL_GPIO_SetPinSpeed
                0x0000000008000c74       0x78 ./Drivers/STM32WLxx_HAL_Driver/stm32wlxx_ll_gpio.o
 .text.LL_GPIO_SetPinPull
                0x0000000008000cec       0x78 ./Drivers/STM32WLxx_HAL_Driver/stm32wlxx_ll_gpio.o
 .text.LL_GPIO_SetAFPin_0_7
                0x0000000008000d64       0x78 ./Drivers/STM32WLxx_HAL_Driver/stm32wlxx_ll_gpio.o
 .text.LL_GPIO_SetAFPin_8_15
                0x0000000008000ddc       0x7c ./Drivers/STM32WLxx_HAL_Driver/stm32wlxx_ll_gpio.o
 .text.LL_GPIO_Init
                0x0000000008000e58       0xe8 ./Drivers/STM32WLxx_HAL_Driver/stm32wlxx_ll_gpio.o
                0x0000000008000e58                LL_GPIO_Init
 .text.LL_InitTick
                0x0000000008000f40       0x38 ./Drivers/STM32WLxx_HAL_Driver/stm32wlxx_ll_utils.o
 .text.LL_Init1msTick
                0x0000000008000f78       0x1a ./Drivers/STM32WLxx_HAL_Driver/stm32wlxx_ll_utils.o
                0x0000000008000f78                LL_Init1msTick
 *fill*         0x0000000008000f92        0x2 
 .text.LL_mDelay
                0x0000000008000f94       0x4c ./Drivers/STM32WLxx_HAL_Driver/stm32wlxx_ll_utils.o
                0x0000000008000f94                LL_mDelay
 .text.LL_SetSystemCoreClock
                0x0000000008000fe0       0x1c ./Drivers/STM32WLxx_HAL_Driver/stm32wlxx_ll_utils.o
                0x0000000008000fe0                LL_SetSystemCoreClock
 .text.__libc_init_array
                0x0000000008000ffc       0x48 c:/st/stm32cubeide_1.10.1/stm32cubeide/plugins/com.st.stm32cube.ide.mcu.externaltools.gnu-tools-for-stm32.10.3-2021.10.win32_1.0.0.202111181127/tools/bin/../lib/gcc/arm-none-eabi/10.3.1/../../../../arm-none-eabi/lib/thumb/v7e-m/nofp\libc_nano.a(lib_a-init.o)
                0x0000000008000ffc                __libc_init_array
 *(.glue_7)
 .glue_7        0x0000000008001044        0x0 linker stubs
 *(.glue_7t)
 .glue_7t       0x0000000008001044        0x0 linker stubs
 *(.eh_frame)
 .eh_frame      0x0000000008001044        0x0 c:/st/stm32cubeide_1.10.1/stm32cubeide/plugins/com.st.stm32cube.ide.mcu.externaltools.gnu-tools-for-stm32.10.3-2021.10.win32_1.0.0.202111181127/tools/bin/../lib/gcc/arm-none-eabi/10.3.1/thumb/v7e-m/nofp/crtbegin.o
 *(.init)
 .init          0x0000000008001044        0x4 c:/st/stm32cubeide_1.10.1/stm32cubeide/plugins/com.st.stm32cube.ide.mcu.externaltools.gnu-tools-for-stm32.10.3-2021.10.win32_1.0.0.202111181127/tools/bin/../lib/gcc/arm-none-eabi/10.3.1/thumb/v7e-m/nofp/crti.o
                0x0000000008001044                _init
 .init          0x0000000008001048        0x8 c:/st/stm32cubeide_1.10.1/stm32cubeide/plugins/com.st.stm32cube.ide.mcu.externaltools.gnu-tools-for-stm32.10.3-2021.10.win32_1.0.0.202111181127/tools/bin/../lib/gcc/arm-none-eabi/10.3.1/thumb/v7e-m/nofp/crtn.o
 *(.fini)
 .fini          0x0000000008001050        0x4 c:/st/stm32cubeide_1.10.1/stm32cubeide/plugins/com.st.stm32cube.ide.mcu.externaltools.gnu-tools-for-stm32.10.3-2021.10.win32_1.0.0.202111181127/tools/bin/../lib/gcc/arm-none-eabi/10.3.1/thumb/v7e-m/nofp/crti.o
                0x0000000008001050                _fini
 .fini          0x0000000008001054        0x8 c:/st/stm32cubeide_1.10.1/stm32cubeide/plugins/com.st.stm32cube.ide.mcu.externaltools.gnu-tools-for-stm32.10.3-2021.10.win32_1.0.0.202111181127/tools/bin/../lib/gcc/arm-none-eabi/10.3.1/thumb/v7e-m/nofp/crtn.o
                0x0000000008001060                . = ALIGN (0x8)
 *fill*         0x000000000800105c        0x4 
                0x0000000008001060                _etext = .

.vfp11_veneer   0x0000000008001060        0x0
 .vfp11_veneer  0x0000000008001060        0x0 linker stubs

.v4_bx          0x0000000008001060        0x0
 .v4_bx         0x0000000008001060        0x0 linker stubs

.iplt           0x0000000008001060        0x0
 .iplt          0x0000000008001060        0x0 c:/st/stm32cubeide_1.10.1/stm32cubeide/plugins/com.st.stm32cube.ide.mcu.externaltools.gnu-tools-for-stm32.10.3-2021.10.win32_1.0.0.202111181127/tools/bin/../lib/gcc/arm-none-eabi/10.3.1/thumb/v7e-m/nofp/crtbegin.o

.rel.dyn        0x0000000008001060        0x0
 .rel.iplt      0x0000000008001060        0x0 c:/st/stm32cubeide_1.10.1/stm32cubeide/plugins/com.st.stm32cube.ide.mcu.externaltools.gnu-tools-for-stm32.10.3-2021.10.win32_1.0.0.202111181127/tools/bin/../lib/gcc/arm-none-eabi/10.3.1/thumb/v7e-m/nofp/crtbegin.o

.rodata         0x0000000008001060        0x0
                0x0000000008001060                . = ALIGN (0x8)
 *(.rodata)
 *(.rodata*)
                0x0000000008001060                . = ALIGN (0x8)

.ARM.extab      0x0000000008001060        0x0
                0x0000000008001060                . = ALIGN (0x8)
 *(.ARM.extab* .gnu.linkonce.armextab.*)
                0x0000000008001060                . = ALIGN (0x8)

.ARM            0x0000000008001060        0x0
                0x0000000008001060                . = ALIGN (0x8)
                0x0000000008001060                __exidx_start = .
 *(.ARM.exidx*)
                0x0000000008001060                __exidx_end = .
                0x0000000008001060                . = ALIGN (0x8)

.preinit_array  0x0000000008001060        0x0
                0x0000000008001060                . = ALIGN (0x8)
                0x0000000008001060                PROVIDE (__preinit_array_start = .)
 *(.preinit_array*)
                0x0000000008001060                PROVIDE (__preinit_array_end = .)
                0x0000000008001060                . = ALIGN (0x8)

.init_array     0x0000000008001060        0x8
                0x0000000008001060                . = ALIGN (0x8)
                0x0000000008001060                PROVIDE (__init_array_start = .)
 *(SORT_BY_NAME(.init_array.*))
 *(.init_array*)
 .init_array    0x0000000008001060        0x4 c:/st/stm32cubeide_1.10.1/stm32cubeide/plugins/com.st.stm32cube.ide.mcu.externaltools.gnu-tools-for-stm32.10.3-2021.10.win32_1.0.0.202111181127/tools/bin/../lib/gcc/arm-none-eabi/10.3.1/thumb/v7e-m/nofp/crtbegin.o
                0x0000000008001064                PROVIDE (__init_array_end = .)
                0x0000000008001068                . = ALIGN (0x8)
 *fill*         0x0000000008001064        0x4 

.fini_array     0x0000000008001068        0x8
                0x0000000008001068                . = ALIGN (0x8)
                [!provide]                        PROVIDE (__fini_array_start = .)
 *(SORT_BY_NAME(.fini_array.*))
 *(.fini_array*)
 .fini_array    0x0000000008001068        0x4 c:/st/stm32cubeide_1.10.1/stm32cubeide/plugins/com.st.stm32cube.ide.mcu.externaltools.gnu-tools-for-stm32.10.3-2021.10.win32_1.0.0.202111181127/tools/bin/../lib/gcc/arm-none-eabi/10.3.1/thumb/v7e-m/nofp/crtbegin.o
                [!provide]                        PROVIDE (__fini_array_end = .)
                0x0000000008001070                . = ALIGN (0x8)
 *fill*         0x000000000800106c        0x4 
                0x0000000008001070                _sidata = LOADADDR (.data)

.data           0x0000000020000000        0x8 load address 0x0000000008001070
                0x0000000020000000                . = ALIGN (0x8)
                0x0000000020000000                _sdata = .
 *(.data)
 *(.data*)
 .data.SystemCoreClock
                0x0000000020000000        0x4 ./Drivers/CMSIS/system_stm32wlxx.o
                0x0000000020000000                SystemCoreClock
                0x0000000020000008                . = ALIGN (0x8)
 *fill*         0x0000000020000004        0x4 
                0x0000000020000008                _edata = .

.igot.plt       0x0000000020000008        0x0 load address 0x0000000008001078
 .igot.plt      0x0000000020000008        0x0 c:/st/stm32cubeide_1.10.1/stm32cubeide/plugins/com.st.stm32cube.ide.mcu.externaltools.gnu-tools-for-stm32.10.3-2021.10.win32_1.0.0.202111181127/tools/bin/../lib/gcc/arm-none-eabi/10.3.1/thumb/v7e-m/nofp/crtbegin.o
                0x0000000020000008                . = ALIGN (0x8)

.bss            0x0000000020000008       0x20 load address 0x0000000008001078
                0x0000000020000008                _sbss = .
                0x0000000020000008                __bss_start__ = _sbss
 *(.bss)
 .bss           0x0000000020000008       0x1c c:/st/stm32cubeide_1.10.1/stm32cubeide/plugins/com.st.stm32cube.ide.mcu.externaltools.gnu-tools-for-stm32.10.3-2021.10.win32_1.0.0.202111181127/tools/bin/../lib/gcc/arm-none-eabi/10.3.1/thumb/v7e-m/nofp/crtbegin.o
 *(.bss*)
 *(COMMON)
                0x0000000020000028                . = ALIGN (0x8)
 *fill*         0x0000000020000024        0x4 
                0x0000000020000028                _ebss = .
                0x0000000020000028                __bss_end__ = _ebss
                0x0000000020000028                . = ALIGN (0x8)

RAM1_region     0x0000000020000028        0x0 load address 0x0000000008001078
                0x0000000020000028                _sRAM1_region = .
 *(.RAM1_region)
                0x0000000020000028                . = ALIGN (0x8)
                0x0000000020000028                _eRAM1_region = .
                0x0000000020000028                . = ALIGN (0x8)

RAM2_region     0x0000000020008000        0x0
                0x0000000020008000                _sRAM2_region = .
 *(.RAM2_region)
                0x0000000020008000                . = ALIGN (0x8)
                0x0000000020008000                _eRAM2_region = .

._user_heap_stack
                0x0000000020000028      0x600
                0x0000000020000028                . = ALIGN (0x8)
                [!provide]                        PROVIDE (end = .)
                0x0000000020000028                PROVIDE (_end = .)
                0x0000000020000228                . = (. + _Min_Heap_Size)
 *fill*         0x0000000020000028      0x200 
                0x0000000020000628                . = (. + _Min_Stack_Size)
 *fill*         0x0000000020000228      0x400 
                0x0000000020000628                . = ALIGN (0x8)

/DISCARD/
 libc.a(*)
 libm.a(*)
 libgcc.a(*)

.ARM.attributes
                0x0000000000000000       0x2a
 *(.ARM.attributes)
 .ARM.attributes
                0x0000000000000000       0x1e c:/st/stm32cubeide_1.10.1/stm32cubeide/plugins/com.st.stm32cube.ide.mcu.externaltools.gnu-tools-for-stm32.10.3-2021.10.win32_1.0.0.202111181127/tools/bin/../lib/gcc/arm-none-eabi/10.3.1/thumb/v7e-m/nofp/crti.o
 .ARM.attributes
                0x000000000000001e       0x2e c:/st/stm32cubeide_1.10.1/stm32cubeide/plugins/com.st.stm32cube.ide.mcu.externaltools.gnu-tools-for-stm32.10.3-2021.10.win32_1.0.0.202111181127/tools/bin/../lib/gcc/arm-none-eabi/10.3.1/thumb/v7e-m/nofp/crtbegin.o
 .ARM.attributes
                0x000000000000004c       0x21 ./Application/Startup/startup_stm32wl55jcix.o
 .ARM.attributes
                0x000000000000006d       0x2e ./Application/User/main.o
 .ARM.attributes
                0x000000000000009b       0x2e ./Application/User/stm32wlxx_it.o
 .ARM.attributes
                0x00000000000000c9       0x2e ./Drivers/CMSIS/system_stm32wlxx.o
 .ARM.attributes
                0x00000000000000f7       0x2e ./Drivers/STM32WLxx_HAL_Driver/stm32wlxx_ll_gpio.o
 .ARM.attributes
                0x0000000000000125       0x2e ./Drivers/STM32WLxx_HAL_Driver/stm32wlxx_ll_utils.o
 .ARM.attributes
                0x0000000000000153       0x2e c:/st/stm32cubeide_1.10.1/stm32cubeide/plugins/com.st.stm32cube.ide.mcu.externaltools.gnu-tools-for-stm32.10.3-2021.10.win32_1.0.0.202111181127/tools/bin/../lib/gcc/arm-none-eabi/10.3.1/../../../../arm-none-eabi/lib/thumb/v7e-m/nofp\libc_nano.a(lib_a-init.o)
 .ARM.attributes
                0x0000000000000181       0x1e c:/st/stm32cubeide_1.10.1/stm32cubeide/plugins/com.st.stm32cube.ide.mcu.externaltools.gnu-tools-for-stm32.10.3-2021.10.win32_1.0.0.202111181127/tools/bin/../lib/gcc/arm-none-eabi/10.3.1/thumb/v7e-m/nofp/crtn.o
OUTPUT(PWR_EnterStandbyMode.elf elf32-littlearm)
LOAD linker stubs
LOAD c:/st/stm32cubeide_1.10.1/stm32cubeide/plugins/com.st.stm32cube.ide.mcu.externaltools.gnu-tools-for-stm32.10.3-2021.10.win32_1.0.0.202111181127/tools/bin/../lib/gcc/arm-none-eabi/10.3.1/../../../../arm-none-eabi/lib/thumb/v7e-m/nofp\libc.a
LOAD c:/st/stm32cubeide_1.10.1/stm32cubeide/plugins/com.st.stm32cube.ide.mcu.externaltools.gnu-tools-for-stm32.10.3-2021.10.win32_1.0.0.202111181127/tools/bin/../lib/gcc/arm-none-eabi/10.3.1/../../../../arm-none-eabi/lib/thumb/v7e-m/nofp\libm.a
LOAD c:/st/stm32cubeide_1.10.1/stm32cubeide/plugins/com.st.stm32cube.ide.mcu.externaltools.gnu-tools-for-stm32.10.3-2021.10.win32_1.0.0.202111181127/tools/bin/../lib/gcc/arm-none-eabi/10.3.1/thumb/v7e-m/nofp\libgcc.a

.debug_line     0x0000000000000000     0x2ec4
 .debug_line    0x0000000000000000       0x90 ./Application/Startup/startup_stm32wl55jcix.o
 .debug_line    0x0000000000000090      0xd75 ./Application/User/main.o
 .debug_line    0x0000000000000e05      0x73f ./Application/User/stm32wlxx_it.o
 .debug_line    0x0000000000001544      0x57e ./Drivers/CMSIS/system_stm32wlxx.o
 .debug_line    0x0000000000001ac2      0x7f5 ./Drivers/STM32WLxx_HAL_Driver/stm32wlxx_ll_gpio.o
 .debug_line    0x00000000000022b7      0xc0d ./Drivers/STM32WLxx_HAL_Driver/stm32wlxx_ll_utils.o

.debug_info     0x0000000000000000     0x3d0e
 .debug_info    0x0000000000000000       0x22 ./Application/Startup/startup_stm32wl55jcix.o
 .debug_info    0x0000000000000022     0x19c4 ./Application/User/main.o
 .debug_info    0x00000000000019e6      0x3a6 ./Application/User/stm32wlxx_it.o
 .debug_info    0x0000000000001d8c      0x51b ./Drivers/CMSIS/system_stm32wlxx.o
 .debug_info    0x00000000000022a7      0xb33 ./Drivers/STM32WLxx_HAL_Driver/stm32wlxx_ll_gpio.o
 .debug_info    0x0000000000002dda      0xf34 ./Drivers/STM32WLxx_HAL_Driver/stm32wlxx_ll_utils.o

.debug_abbrev   0x0000000000000000      0xaf1
 .debug_abbrev  0x0000000000000000       0x12 ./Application/Startup/startup_stm32wl55jcix.o
 .debug_abbrev  0x0000000000000012      0x3a0 ./Application/User/main.o
 .debug_abbrev  0x00000000000003b2      0x15e ./Application/User/stm32wlxx_it.o
 .debug_abbrev  0x0000000000000510      0x127 ./Drivers/CMSIS/system_stm32wlxx.o
 .debug_abbrev  0x0000000000000637      0x243 ./Drivers/STM32WLxx_HAL_Driver/stm32wlxx_ll_gpio.o
 .debug_abbrev  0x000000000000087a      0x277 ./Drivers/STM32WLxx_HAL_Driver/stm32wlxx_ll_utils.o

.debug_aranges  0x0000000000000000      0x430
 .debug_aranges
                0x0000000000000000       0x28 ./Application/Startup/startup_stm32wl55jcix.o
 .debug_aranges
                0x0000000000000028      0x1b8 ./Application/User/main.o
 .debug_aranges
                0x00000000000001e0       0x78 ./Application/User/stm32wlxx_it.o
 .debug_aranges
                0x0000000000000258       0x28 ./Drivers/CMSIS/system_stm32wlxx.o
 .debug_aranges
                0x0000000000000280       0x70 ./Drivers/STM32WLxx_HAL_Driver/stm32wlxx_ll_gpio.o
 .debug_aranges
                0x00000000000002f0      0x140 ./Drivers/STM32WLxx_HAL_Driver/stm32wlxx_ll_utils.o

.debug_str      0x0000000000000000    0x7166f
 .debug_str     0x0000000000000000       0xb9 ./Application/Startup/startup_stm32wl55jcix.o
 .debug_str     0x00000000000000b9    0x6feb5 ./Application/User/main.o
                                      0x7023d (size before relaxing)
 .debug_str     0x000000000006ff6e      0x155 ./Application/User/stm32wlxx_it.o
                                      0x6f2ce (size before relaxing)
 .debug_str     0x00000000000700c3      0x105 ./Drivers/CMSIS/system_stm32wlxx.o
                                      0x629c6 (size before relaxing)
 .debug_str     0x00000000000701c8      0x679 ./Drivers/STM32WLxx_HAL_Driver/stm32wlxx_ll_gpio.o
                                      0x6460d (size before relaxing)
 .debug_str     0x0000000000070841      0xe2e ./Drivers/STM32WLxx_HAL_Driver/stm32wlxx_ll_utils.o
                                      0x6a081 (size before relaxing)

.debug_ranges   0x0000000000000000      0x3d8
 .debug_ranges  0x0000000000000000       0x20 ./Application/Startup/startup_stm32wl55jcix.o
 .debug_ranges  0x0000000000000020      0x1a8 ./Application/User/main.o
 .debug_ranges  0x00000000000001c8       0x68 ./Application/User/stm32wlxx_it.o
 .debug_ranges  0x0000000000000230       0x18 ./Drivers/CMSIS/system_stm32wlxx.o
 .debug_ranges  0x0000000000000248       0x60 ./Drivers/STM32WLxx_HAL_Driver/stm32wlxx_ll_gpio.o
 .debug_ranges  0x00000000000002a8      0x130 ./Drivers/STM32WLxx_HAL_Driver/stm32wlxx_ll_utils.o

.debug_macro    0x0000000000000000    0x13cd5
 .debug_macro   0x0000000000000000      0x157 ./Application/User/main.o
 .debug_macro   0x0000000000000157      0xaba ./Application/User/main.o
 .debug_macro   0x0000000000000c11       0x2e ./Application/User/main.o
 .debug_macro   0x0000000000000c3f       0x3a ./Application/User/main.o
 .debug_macro   0x0000000000000c79       0x22 ./Application/User/main.o
 .debug_macro   0x0000000000000c9b       0x8e ./Application/User/main.o
 .debug_macro   0x0000000000000d29       0x51 ./Application/User/main.o
 .debug_macro   0x0000000000000d7a      0x103 ./Application/User/main.o
 .debug_macro   0x0000000000000e7d       0x6a ./Application/User/main.o
 .debug_macro   0x0000000000000ee7      0x1df ./Application/User/main.o
 .debug_macro   0x00000000000010c6       0x1c ./Application/User/main.o
 .debug_macro   0x00000000000010e2       0x22 ./Application/User/main.o
 .debug_macro   0x0000000000001104       0xfb ./Application/User/main.o
 .debug_macro   0x00000000000011ff     0x1011 ./Application/User/main.o
 .debug_macro   0x0000000000002210      0x11f ./Application/User/main.o
 .debug_macro   0x000000000000232f     0xf0e3 ./Application/User/main.o
 .debug_macro   0x0000000000011412       0x6d ./Application/User/main.o
 .debug_macro   0x000000000001147f      0x685 ./Application/User/main.o
 .debug_macro   0x0000000000011b04      0x20e ./Application/User/main.o
 .debug_macro   0x0000000000011d12      0x45a ./Application/User/main.o
 .debug_macro   0x000000000001216c      0x16e ./Application/User/main.o
 .debug_macro   0x00000000000122da      0x1ab ./Application/User/main.o
 .debug_macro   0x0000000000012485       0x45 ./Application/User/main.o
 .debug_macro   0x00000000000124ca      0x283 ./Application/User/main.o
 .debug_macro   0x000000000001274d      0x416 ./Application/User/main.o
 .debug_macro   0x0000000000012b63      0x2a3 ./Application/User/main.o
 .debug_macro   0x0000000000012e06      0x14a ./Application/User/main.o
 .debug_macro   0x0000000000012f50       0x7c ./Application/User/main.o
 .debug_macro   0x0000000000012fcc       0x6a ./Application/User/main.o
 .debug_macro   0x0000000000013036      0x14c ./Application/User/stm32wlxx_it.o
 .debug_macro   0x0000000000013182       0xd3 ./Drivers/CMSIS/system_stm32wlxx.o
 .debug_macro   0x0000000000013255      0x10f ./Drivers/STM32WLxx_HAL_Driver/stm32wlxx_ll_gpio.o
 .debug_macro   0x0000000000013364      0x144 ./Drivers/STM32WLxx_HAL_Driver/stm32wlxx_ll_gpio.o
 .debug_macro   0x00000000000134a8      0x163 ./Drivers/STM32WLxx_HAL_Driver/stm32wlxx_ll_utils.o
 .debug_macro   0x000000000001360b       0x3f ./Drivers/STM32WLxx_HAL_Driver/stm32wlxx_ll_utils.o
 .debug_macro   0x000000000001364a      0x68b ./Drivers/STM32WLxx_HAL_Driver/stm32wlxx_ll_utils.o

.comment        0x0000000000000000       0x50
 .comment       0x0000000000000000       0x50 ./Application/User/main.o
                                         0x51 (size before relaxing)
 .comment       0x0000000000000050       0x51 ./Application/User/stm32wlxx_it.o
 .comment       0x0000000000000050       0x51 ./Drivers/CMSIS/system_stm32wlxx.o
 .comment       0x0000000000000050       0x51 ./Drivers/STM32WLxx_HAL_Driver/stm32wlxx_ll_gpio.o
 .comment       0x0000000000000050       0x51 ./Drivers/STM32WLxx_HAL_Driver/stm32wlxx_ll_utils.o

.debug_frame    0x0000000000000000     0x1058
 .debug_frame   0x0000000000000000      0x76c ./Application/User/main.o
 .debug_frame   0x000000000000076c      0x17c ./Application/User/stm32wlxx_it.o
 .debug_frame   0x00000000000008e8       0x58 ./Drivers/CMSIS/system_stm32wlxx.o
 .debug_frame   0x0000000000000940      0x1c0 ./Drivers/STM32WLxx_HAL_Driver/stm32wlxx_ll_gpio.o
 .debug_frame   0x0000000000000b00      0x52c ./Drivers/STM32WLxx_HAL_Driver/stm32wlxx_ll_utils.o
 .debug_frame   0x000000000000102c       0x2c c:/st/stm32cubeide_1.10.1/stm32cubeide/plugins/com.st.stm32cube.ide.mcu.externaltools.gnu-tools-for-stm32.10.3-2021.10.win32_1.0.0.202111181127/tools/bin/../lib/gcc/arm-none-eabi/10.3.1/../../../../arm-none-eabi/lib/thumb/v7e-m/nofp\libc_nano.a(lib_a-init.o)
