Archive member included to satisfy reference by file (symbol)

c:/st/stm32cubeide_1.10.1/stm32cubeide/plugins/com.st.stm32cube.ide.mcu.externaltools.gnu-tools-for-stm32.10.3-2021.10.win32_1.0.0.202111181127/tools/bin/../lib/gcc/arm-none-eabi/10.3.1/../../../../arm-none-eabi/lib/thumb/v7e-m/nofp\libc_nano.a(lib_a-errno.o)
                              ./Application/User/syscalls.o (__errno)
c:/st/stm32cubeide_1.10.1/stm32cubeide/plugins/com.st.stm32cube.ide.mcu.externaltools.gnu-tools-for-stm32.10.3-2021.10.win32_1.0.0.202111181127/tools/bin/../lib/gcc/arm-none-eabi/10.3.1/../../../../arm-none-eabi/lib/thumb/v7e-m/nofp\libc_nano.a(lib_a-exit.o)
                              c:/st/stm32cubeide_1.10.1/stm32cubeide/plugins/com.st.stm32cube.ide.mcu.externaltools.gnu-tools-for-stm32.10.3-2021.10.win32_1.0.0.202111181127/tools/bin/../lib/gcc/arm-none-eabi/10.3.1/../../../../arm-none-eabi/lib/thumb/v7e-m/nofp/crt0.o (exit)
c:/st/stm32cubeide_1.10.1/stm32cubeide/plugins/com.st.stm32cube.ide.mcu.externaltools.gnu-tools-for-stm32.10.3-2021.10.win32_1.0.0.202111181127/tools/bin/../lib/gcc/arm-none-eabi/10.3.1/../../../../arm-none-eabi/lib/thumb/v7e-m/nofp\libc_nano.a(lib_a-impure.o)
                              c:/st/stm32cubeide_1.10.1/stm32cubeide/plugins/com.st.stm32cube.ide.mcu.externaltools.gnu-tools-for-stm32.10.3-2021.10.win32_1.0.0.202111181127/tools/bin/../lib/gcc/arm-none-eabi/10.3.1/../../../../arm-none-eabi/lib/thumb/v7e-m/nofp\libc_nano.a(lib_a-exit.o) (_global_impure_ptr)
c:/st/stm32cubeide_1.10.1/stm32cubeide/plugins/com.st.stm32cube.ide.mcu.externaltools.gnu-tools-for-stm32.10.3-2021.10.win32_1.0.0.202111181127/tools/bin/../lib/gcc/arm-none-eabi/10.3.1/../../../../arm-none-eabi/lib/thumb/v7e-m/nofp\libc_nano.a(lib_a-init.o)
                              c:/st/stm32cubeide_1.10.1/stm32cubeide/plugins/com.st.stm32cube.ide.mcu.externaltools.gnu-tools-for-stm32.10.3-2021.10.win32_1.0.0.202111181127/tools/bin/../lib/gcc/arm-none-eabi/10.3.1/../../../../arm-none-eabi/lib/thumb/v7e-m/nofp/crt0.o (__libc_init_array)
c:/st/stm32cubeide_1.10.1/stm32cubeide/plugins/com.st.stm32cube.ide.mcu.externaltools.gnu-tools-for-stm32.10.3-2021.10.win32_1.0.0.202111181127/tools/bin/../lib/gcc/arm-none-eabi/10.3.1/../../../../arm-none-eabi/lib/thumb/v7e-m/nofp\libc_nano.a(lib_a-memset.o)
                              c:/st/stm32cubeide_1.10.1/stm32cubeide/plugins/com.st.stm32cube.ide.mcu.externaltools.gnu-tools-for-stm32.10.3-2021.10.win32_1.0.0.202111181127/tools/bin/../lib/gcc/arm-none-eabi/10.3.1/../../../../arm-none-eabi/lib/thumb/v7e-m/nofp/crt0.o (memset)

Discarded input sections

 .text          0x0000000000000000        0x0 c:/st/stm32cubeide_1.10.1/stm32cubeide/plugins/com.st.stm32cube.ide.mcu.externaltools.gnu-tools-for-stm32.10.3-2021.10.win32_1.0.0.202111181127/tools/bin/../lib/gcc/arm-none-eabi/10.3.1/thumb/v7e-m/nofp/crti.o
 .data          0x0000000000000000        0x0 c:/st/stm32cubeide_1.10.1/stm32cubeide/plugins/com.st.stm32cube.ide.mcu.externaltools.gnu-tools-for-stm32.10.3-2021.10.win32_1.0.0.202111181127/tools/bin/../lib/gcc/arm-none-eabi/10.3.1/thumb/v7e-m/nofp/crti.o
 .bss           0x0000000000000000        0x0 c:/st/stm32cubeide_1.10.1/stm32cubeide/plugins/com.st.stm32cube.ide.mcu.externaltools.gnu-tools-for-stm32.10.3-2021.10.win32_1.0.0.202111181127/tools/bin/../lib/gcc/arm-none-eabi/10.3.1/thumb/v7e-m/nofp/crti.o
 .data          0x0000000000000000        0x4 c:/st/stm32cubeide_1.10.1/stm32cubeide/plugins/com.st.stm32cube.ide.mcu.externaltools.gnu-tools-for-stm32.10.3-2021.10.win32_1.0.0.202111181127/tools/bin/../lib/gcc/arm-none-eabi/10.3.1/thumb/v7e-m/nofp/crtbegin.o
 .rodata        0x0000000000000000       0x24 c:/st/stm32cubeide_1.10.1/stm32cubeide/plugins/com.st.stm32cube.ide.mcu.externaltools.gnu-tools-for-stm32.10.3-2021.10.win32_1.0.0.202111181127/tools/bin/../lib/gcc/arm-none-eabi/10.3.1/thumb/v7e-m/nofp/crtbegin.o
 .text          0x0000000000000000       0x7c c:/st/stm32cubeide_1.10.1/stm32cubeide/plugins/com.st.stm32cube.ide.mcu.externaltools.gnu-tools-for-stm32.10.3-2021.10.win32_1.0.0.202111181127/tools/bin/../lib/gcc/arm-none-eabi/10.3.1/../../../../arm-none-eabi/lib/thumb/v7e-m/nofp/crt0.o
 .data          0x0000000000000000        0x0 c:/st/stm32cubeide_1.10.1/stm32cubeide/plugins/com.st.stm32cube.ide.mcu.externaltools.gnu-tools-for-stm32.10.3-2021.10.win32_1.0.0.202111181127/tools/bin/../lib/gcc/arm-none-eabi/10.3.1/../../../../arm-none-eabi/lib/thumb/v7e-m/nofp/crt0.o
 .bss           0x0000000000000000        0x0 c:/st/stm32cubeide_1.10.1/stm32cubeide/plugins/com.st.stm32cube.ide.mcu.externaltools.gnu-tools-for-stm32.10.3-2021.10.win32_1.0.0.202111181127/tools/bin/../lib/gcc/arm-none-eabi/10.3.1/../../../../arm-none-eabi/lib/thumb/v7e-m/nofp/crt0.o
[...]
Memory Configuration

Name             Origin             Length             Attributes
ROM              0x0000000008000000 0x0000000000040000 xr
RAM1             0x0000000020000000 0x0000000000008000 xrw
RAM2             0x0000000020008000 0x0000000000008000 xrw
*default*        0x0000000000000000 0xffffffffffffffff

Linker script and memory map

LOAD c:/st/stm32cubeide_1.10.1/stm32cubeide/plugins/com.st.stm32cube.ide.mcu.externaltools.gnu-tools-for-stm32.10.3-2021.10.win32_1.0.0.202111181127/tools/bin/../lib/gcc/arm-none-eabi/10.3.1/thumb/v7e-m/nofp/crti.o
LOAD c:/st/stm32cubeide_1.10.1/stm32cubeide/plugins/com.st.stm32cube.ide.mcu.externaltools.gnu-tools-for-stm32.10.3-2021.10.win32_1.0.0.202111181127/tools/bin/../lib/gcc/arm-none-eabi/10.3.1/thumb/v7e-m/nofp/crtbegin.o
LOAD c:/st/stm32cubeide_1.10.1/stm32cubeide/plugins/com.st.stm32cube.ide.mcu.externaltools.gnu-tools-for-stm32.10.3-2021.10.win32_1.0.0.202111181127/tools/bin/../lib/gcc/arm-none-eabi/10.3.1/../../../../arm-none-eabi/lib/thumb/v7e-m/nofp/crt0.o
LOAD ./Application/Startup/startup_stm32wl55jcix.o
LOAD ./Application/User/main.o
LOAD ./Application/User/stm32wlxx_it.o
LOAD ./Application/User/syscalls.o
LOAD ./Application/User/sysmem.o
LOAD ./Drivers/CMSIS/system_stm32wlxx.o
LOAD ./Drivers/STM32WLxx_HAL_Driver/stm32wlxx_ll_exti.o
LOAD ./Drivers/STM32WLxx_HAL_Driver/stm32wlxx_ll_gpio.o
LOAD ./Drivers/STM32WLxx_HAL_Driver/stm32wlxx_ll_pwr.o
LOAD ./Drivers/STM32WLxx_HAL_Driver/stm32wlxx_ll_rcc.o
LOAD ./Drivers/STM32WLxx_HAL_Driver/stm32wlxx_ll_rtc.o
LOAD ./Drivers/STM32WLxx_HAL_Driver/stm32wlxx_ll_utils.o
START GROUP
LOAD c:/st/stm32cubeide_1.10.1/stm32cubeide/plugins/com.st.stm32cube.ide.mcu.externaltools.gnu-tools-for-stm32.10.3-2021.10.win32_1.0.0.202111181127/tools/bin/../lib/gcc/arm-none-eabi/10.3.1/../../../../arm-none-eabi/lib/thumb/v7e-m/nofp\libc_nano.a
LOAD c:/st/stm32cubeide_1.10.1/stm32cubeide/plugins/com.st.stm32cube.ide.mcu.externaltools.gnu-tools-for-stm32.10.3-2021.10.win32_1.0.0.202111181127/tools/bin/../lib/gcc/arm-none-eabi/10.3.1/../../../../arm-none-eabi/lib/thumb/v7e-m/nofp\libm.a
END GROUP
START GROUP
LOAD c:/st/stm32cubeide_1.10.1/stm32cubeide/plugins/com.st.stm32cube.ide.mcu.externaltools.gnu-tools-for-stm32.10.3-2021.10.win32_1.0.0.202111181127/tools/bin/../lib/gcc/arm-none-eabi/10.3.1/thumb/v7e-m/nofp\libgcc.a
LOAD c:/st/stm32cubeide_1.10.1/stm32cubeide/plugins/com.st.stm32cube.ide.mcu.externaltools.gnu-tools-for-stm32.10.3-2021.10.win32_1.0.0.202111181127/tools/bin/../lib/gcc/arm-none-eabi/10.3.1/../../../../arm-none-eabi/lib/thumb/v7e-m/nofp\libc_nano.a
END GROUP
START GROUP
LOAD c:/st/stm32cubeide_1.10.1/stm32cubeide/plugins/com.st.stm32cube.ide.mcu.externaltools.gnu-tools-for-stm32.10.3-2021.10.win32_1.0.0.202111181127/tools/bin/../lib/gcc/arm-none-eabi/10.3.1/thumb/v7e-m/nofp\libgcc.a
LOAD c:/st/stm32cubeide_1.10.1/stm32cubeide/plugins/com.st.stm32cube.ide.mcu.externaltools.gnu-tools-for-stm32.10.3-2021.10.win32_1.0.0.202111181127/tools/bin/../lib/gcc/arm-none-eabi/10.3.1/../../../../arm-none-eabi/lib/thumb/v7e-m/nofp\libc_nano.a
LOAD c:/st/stm32cubeide_1.10.1/stm32cubeide/plugins/com.st.stm32cube.ide.mcu.externaltools.gnu-tools-for-stm32.10.3-2021.10.win32_1.0.0.202111181127/tools/bin/../lib/gcc/arm-none-eabi/10.3.1/../../../../arm-none-eabi/lib/thumb/v7e-m/nofp\libnosys.a
END GROUP
START GROUP
LOAD c:/st/stm32cubeide_1.10.1/stm32cubeide/plugins/com.st.stm32cube.ide.mcu.externaltools.gnu-tools-for-stm32.10.3-2021.10.win32_1.0.0.202111181127/tools/bin/../lib/gcc/arm-none-eabi/10.3.1/thumb/v7e-m/nofp\libgcc.a
LOAD c:/st/stm32cubeide_1.10.1/stm32cubeide/plugins/com.st.stm32cube.ide.mcu.externaltools.gnu-tools-for-stm32.10.3-2021.10.win32_1.0.0.202111181127/tools/bin/../lib/gcc/arm-none-eabi/10.3.1/../../../../arm-none-eabi/lib/thumb/v7e-m/nofp\libc_nano.a
LOAD c:/st/stm32cubeide_1.10.1/stm32cubeide/plugins/com.st.stm32cube.ide.mcu.externaltools.gnu-tools-for-stm32.10.3-2021.10.win32_1.0.0.202111181127/tools/bin/../lib/gcc/arm-none-eabi/10.3.1/../../../../arm-none-eabi/lib/thumb/v7e-m/nofp\libnosys.a
END GROUP
LOAD c:/st/stm32cubeide_1.10.1/stm32cubeide/plugins/com.st.stm32cube.ide.mcu.externaltools.gnu-tools-for-stm32.10.3-2021.10.win32_1.0.0.202111181127/tools/bin/../lib/gcc/arm-none-eabi/10.3.1/thumb/v7e-m/nofp/crtend.o
LOAD c:/st/stm32cubeide_1.10.1/stm32cubeide/plugins/com.st.stm32cube.ide.mcu.externaltools.gnu-tools-for-stm32.10.3-2021.10.win32_1.0.0.202111181127/tools/bin/../lib/gcc/arm-none-eabi/10.3.1/thumb/v7e-m/nofp/crtn.o
                0x0000000020008000                _estack = (ORIGIN (RAM1) + LENGTH (RAM1))
                0x0000000000000200                _Min_Heap_Size = 0x200
                0x0000000000000400                _Min_Stack_Size = 0x400

.isr_vector     0x0000000008000000      0x138
                0x0000000008000000                . = ALIGN (0x8)
 *(.isr_vector)
 .isr_vector    0x0000000008000000      0x138 ./Application/Startup/startup_stm32wl55jcix.o
                0x0000000008000000                g_pfnVectors
                0x0000000008000138                . = ALIGN (0x8)

.text           0x0000000008000138     0x15b8
                0x0000000008000138                . = ALIGN (0x8)
 *(.text)
 .text          0x0000000008000138       0x40 c:/st/stm32cubeide_1.10.1/stm32cubeide/plugins/com.st.stm32cube.ide.mcu.externaltools.gnu-tools-for-stm32.10.3-2021.10.win32_1.0.0.202111181127/tools/bin/../lib/gcc/arm-none-eabi/10.3.1/thumb/v7e-m/nofp/crtbegin.o
 *(.text*)
 .text.Reset_Handler
                0x0000000008000178       0x50 ./Application/Startup/startup_stm32wl55jcix.o
                0x0000000008000178                Reset_Handler
 .text.Default_Handler
                0x00000000080001c8        0x2 ./Application/Startup/startup_stm32wl55jcix.o
                0x00000000080001c8                RTC_Alarm_IRQHandler
                0x00000000080001c8                EXTI2_IRQHandler
                0x00000000080001c8                TIM1_CC_IRQHandler
                0x00000000080001c8                EXTI3_IRQHandler
                0x00000000080001c8                LPTIM2_IRQHandler
                0x00000000080001c8                I2C3_ER_IRQHandler
                0x00000000080001c8                LPTIM3_IRQHandler
                0x00000000080001c8                EXTI0_IRQHandler
                0x00000000080001c8                I2C2_EV_IRQHandler
                0x00000000080001c8                TAMP_STAMP_LSECSS_SSRU_IRQHandler
                0x00000000080001c8                SPI1_IRQHandler
                0x00000000080001c8                DMA2_Channel2_IRQHandler
                0x00000000080001c8                DMA1_Channel4_IRQHandler
                0x00000000080001c8                PKA_IRQHandler
                0x00000000080001c8                TIM17_IRQHandler
                0x00000000080001c8                DMA1_Channel7_IRQHandler
                0x00000000080001c8                SUBGHZSPI_IRQHandler
                0x00000000080001c8                IPCC_C1_TX_IRQHandler
                0x00000000080001c8                DMA2_Channel1_IRQHandler
                0x00000000080001c8                I2C1_EV_IRQHandler
                0x00000000080001c8                SUBGHZ_Radio_IRQHandler
                0x00000000080001c8                DMAMUX1_OVR_IRQHandler
                0x00000000080001c8                DMA1_Channel6_IRQHandler
                0x00000000080001c8                TIM16_IRQHandler
                0x00000000080001c8                DMA2_Channel4_IRQHandler
                0x00000000080001c8                RCC_IRQHandler
                0x00000000080001c8                TIM1_TRG_COM_IRQHandler
                0x00000000080001c8                DMA1_Channel1_IRQHandler
                0x00000000080001c8                Default_Handler
                0x00000000080001c8                DMA2_Channel7_IRQHandler
                0x00000000080001c8                EXTI15_10_IRQHandler
                0x00000000080001c8                IPCC_C1_RX_IRQHandler
                0x00000000080001c8                ADC_IRQHandler
                0x00000000080001c8                C2SEV_PWR_C2H_IRQHandler
                0x00000000080001c8                I2C3_EV_IRQHandler
                0x00000000080001c8                EXTI9_5_IRQHandler
                0x00000000080001c8                RTC_WKUP_IRQHandler
                0x00000000080001c8                PVD_PVM_IRQHandler
                0x00000000080001c8                SPI2_IRQHandler
                0x00000000080001c8                DMA2_Channel5_IRQHandler
                0x00000000080001c8                DMA1_Channel5_IRQHandler
                0x00000000080001c8                EXTI4_IRQHandler
                0x00000000080001c8                RNG_IRQHandler
                0x00000000080001c8                DMA1_Channel3_IRQHandler
                0x00000000080001c8                COMP_IRQHandler
                0x00000000080001c8                HSEM_IRQHandler
                0x00000000080001c8                TIM1_UP_IRQHandler
                0x00000000080001c8                WWDG_IRQHandler
                0x00000000080001c8                LPUART1_IRQHandler
                0x00000000080001c8                DMA2_Channel6_IRQHandler
                0x00000000080001c8                TIM2_IRQHandler
                0x00000000080001c8                TIM1_BRK_IRQHandler
                0x00000000080001c8                DAC_IRQHandler
                0x00000000080001c8                EXTI1_IRQHandler
                0x00000000080001c8                AES_IRQHandler
                0x00000000080001c8                USART2_IRQHandler
                0x00000000080001c8                I2C2_ER_IRQHandler
                0x00000000080001c8                DMA1_Channel2_IRQHandler
                0x00000000080001c8                FLASH_IRQHandler
                0x00000000080001c8                USART1_IRQHandler
                0x00000000080001c8                I2C1_ER_IRQHandler
                0x00000000080001c8                LPTIM1_IRQHandler
                0x00000000080001c8                DMA2_Channel3_IRQHandler
 *fill*         0x00000000080001ca        0x2 
 .text.__NVIC_SetPriorityGrouping
                0x00000000080001cc       0x48 ./Application/User/main.o
 .text.LL_RCC_LSE_Enable
                0x0000000008000214       0x20 ./Application/User/main.o
 .text.LL_RCC_LSE_IsReady
                0x0000000008000234       0x22 ./Application/User/main.o
 .text.LL_RCC_MSI_Enable
                0x0000000008000256       0x1c ./Application/User/main.o
 .text.LL_RCC_MSI_IsReady
                0x0000000008000272       0x20 ./Application/User/main.o
 .text.LL_RCC_MSI_EnableRangeSelection
                0x0000000008000292       0x1c ./Application/User/main.o
 .text.LL_RCC_MSI_SetRange
                0x00000000080002ae       0x26 ./Application/User/main.o
 .text.LL_RCC_MSI_SetCalibTrimming
                0x00000000080002d4       0x28 ./Application/User/main.o
 .text.LL_RCC_SetSysClkSource
                0x00000000080002fc       0x26 ./Application/User/main.o
 .text.LL_RCC_GetSysClkSource
                0x0000000008000322       0x16 ./Application/User/main.o
 .text.LL_RCC_SetAHBPrescaler
                0x0000000008000338       0x26 ./Application/User/main.o
 .text.LL_RCC_SetAHB3Prescaler
                0x000000000800035e       0x2c ./Application/User/main.o
 .text.LL_RCC_SetAPB1Prescaler
                0x000000000800038a       0x26 ./Application/User/main.o
 .text.LL_RCC_SetAPB2Prescaler
                0x00000000080003b0       0x26 ./Application/User/main.o
 .text.LL_RCC_SetRTCClockSource
                0x00000000080003d6       0x2a ./Application/User/main.o
 .text.LL_RCC_EnableRTC
                0x0000000008000400       0x20 ./Application/User/main.o
 .text.LL_RCC_ForceBackupDomainReset
                0x0000000008000420       0x20 ./Application/User/main.o
 .text.LL_RCC_ReleaseBackupDomainReset
                0x0000000008000440       0x20 ./Application/User/main.o
 .text.LL_AHB2_GRP1_EnableClock
                0x0000000008000460       0x30 ./Application/User/main.o
 .text.LL_APB1_GRP1_EnableClock
                0x0000000008000490       0x30 ./Application/User/main.o
 .text.LL_FLASH_SetLatency
                0x00000000080004c0       0x28 ./Application/User/main.o
 .text.LL_FLASH_GetLatency
                0x00000000080004e8       0x18 ./Application/User/main.o
 .text.LL_LPM_EnableDeepSleep
                0x0000000008000500       0x1c ./Application/User/main.o
 .text.LL_PWR_SetRegulVoltageScaling
                0x000000000800051c       0x28 ./Application/User/main.o
 .text.LL_PWR_EnableBkUpAccess
                0x0000000008000544       0x1c ./Application/User/main.o
 .text.LL_PWR_SetPowerMode
                0x0000000008000560       0x28 ./Application/User/main.o
 .text.LL_PWR_IsActiveFlag_C1SB
                0x0000000008000588       0x28 ./Application/User/main.o
 .text.LL_PWR_ClearFlag_C1STOP_C1STB
                0x00000000080005b0       0x18 ./Application/User/main.o
 .text.LL_GPIO_SetOutputPin
                0x00000000080005c8       0x1a ./Application/User/main.o
 .text.LL_GPIO_ResetOutputPin
                0x00000000080005e2       0x1a ./Application/User/main.o
 .text.LL_GPIO_TogglePin
                0x00000000080005fc       0x30 ./Application/User/main.o
 .text.LL_RTC_EnableWriteProtection
                0x000000000800062c       0x18 ./Application/User/main.o
 .text.LL_RTC_DisableWriteProtection
                0x0000000008000644       0x1e ./Application/User/main.o
 .text.LL_RTC_TIME_GetSecond
                0x0000000008000662       0x1a ./Application/User/main.o
 .text.LL_RTC_WAKEUP_Enable
                0x000000000800067c       0x1e ./Application/User/main.o
 .text.LL_RTC_WAKEUP_Disable
                0x000000000800069a       0x1e ./Application/User/main.o
 .text.LL_RTC_WAKEUP_SetClock
                0x00000000080006b8       0x24 ./Application/User/main.o
 .text.LL_RTC_WAKEUP_SetAutoReload
                0x00000000080006dc       0x24 ./Application/User/main.o
 .text.LL_RTC_BKP_SetRegister
                0x0000000008000700       0x30 ./Application/User/main.o
 .text.LL_RTC_BKP_GetRegister
                0x0000000008000730       0x2c ./Application/User/main.o
 .text.LL_RTC_CAL_LowPower_Enable
                0x000000000800075c       0x1e ./Application/User/main.o
 .text.LL_RTC_IsActiveFlag_RECALP
                0x000000000800077a       0x26 ./Application/User/main.o
 .text.LL_RTC_IsActiveFlag_RS
                0x00000000080007a0       0x24 ./Application/User/main.o
 .text.LL_RTC_ClearFlag_RS
                0x00000000080007c4       0x22 ./Application/User/main.o
 .text.LL_RTC_IsActiveFlag_WUTW
                0x00000000080007e6       0x24 ./Application/User/main.o
 .text.LL_RTC_EnableIT_WUT
                0x000000000800080a       0x1e ./Application/User/main.o
 .text.main     0x0000000008000828      0x13c ./Application/User/main.o
                0x0000000008000828                main
 .text.SystemClock_Config
                0x0000000008000964       0x7c ./Application/User/main.o
                0x0000000008000964                SystemClock_Config
 .text.MX_GPIO_Init
                0x00000000080009e0       0x54 ./Application/User/main.o
 .text.Configure_RTC
                0x0000000008000a34      0x10c ./Application/User/main.o
                0x0000000008000a34                Configure_RTC
 .text.EnterStandbyMode
                0x0000000008000b40       0x30 ./Application/User/main.o
                0x0000000008000b40                EnterStandbyMode
 .text.WaitForSynchro_RTC
                0x0000000008000b70       0x38 ./Application/User/main.o
                0x0000000008000b70                WaitForSynchro_RTC
 .text.Error_Handler
                0x0000000008000ba8       0x1c ./Application/User/main.o
                0x0000000008000ba8                Error_Handler
 .text.NMI_Handler
                0x0000000008000bc4        0xc ./Application/User/stm32wlxx_it.o
                0x0000000008000bc4                NMI_Handler
 .text.HardFault_Handler
                0x0000000008000bd0        0x6 ./Application/User/stm32wlxx_it.o
                0x0000000008000bd0                HardFault_Handler
 .text.MemManage_Handler
                0x0000000008000bd6        0x6 ./Application/User/stm32wlxx_it.o
                0x0000000008000bd6                MemManage_Handler
 .text.BusFault_Handler
                0x0000000008000bdc        0x6 ./Application/User/stm32wlxx_it.o
                0x0000000008000bdc                BusFault_Handler
 .text.UsageFault_Handler
                0x0000000008000be2        0x6 ./Application/User/stm32wlxx_it.o
                0x0000000008000be2                UsageFault_Handler
 .text.SVC_Handler
                0x0000000008000be8        0xc ./Application/User/stm32wlxx_it.o
                0x0000000008000be8                SVC_Handler
 .text.DebugMon_Handler
                0x0000000008000bf4        0xc ./Application/User/stm32wlxx_it.o
                0x0000000008000bf4                DebugMon_Handler
 .text.PendSV_Handler
                0x0000000008000c00        0xc ./Application/User/stm32wlxx_it.o
                0x0000000008000c00                PendSV_Handler
 .text.SysTick_Handler
                0x0000000008000c0c        0xc ./Application/User/stm32wlxx_it.o
                0x0000000008000c0c                SysTick_Handler
 .text.SystemInit
                0x0000000008000c18        0xc ./Drivers/CMSIS/system_stm32wlxx.o
                0x0000000008000c18                SystemInit
 .text.LL_GPIO_SetPinMode
                0x0000000008000c24       0x78 ./Drivers/STM32WLxx_HAL_Driver/stm32wlxx_ll_gpio.o
 .text.LL_GPIO_SetPinOutputType
                0x0000000008000c9c       0x2e ./Drivers/STM32WLxx_HAL_Driver/stm32wlxx_ll_gpio.o
 .text.LL_GPIO_SetPinSpeed
                0x0000000008000cca       0x78 ./Drivers/STM32WLxx_HAL_Driver/stm32wlxx_ll_gpio.o
 .text.LL_GPIO_SetPinPull
                0x0000000008000d42       0x78 ./Drivers/STM32WLxx_HAL_Driver/stm32wlxx_ll_gpio.o
 .text.LL_GPIO_SetAFPin_0_7
                0x0000000008000dba       0x78 ./Drivers/STM32WLxx_HAL_Driver/stm32wlxx_ll_gpio.o
 .text.LL_GPIO_SetAFPin_8_15
                0x0000000008000e32       0x7c ./Drivers/STM32WLxx_HAL_Driver/stm32wlxx_ll_gpio.o
 .text.LL_GPIO_Init
                0x0000000008000eae       0xe8 ./Drivers/STM32WLxx_HAL_Driver/stm32wlxx_ll_gpio.o
                0x0000000008000eae                LL_GPIO_Init
 .text.LL_RTC_SetHourFormat
                0x0000000008000f96       0x24 ./Drivers/STM32WLxx_HAL_Driver/stm32wlxx_ll_rtc.o
 .text.LL_RTC_GetHourFormat
                0x0000000008000fba       0x1a ./Drivers/STM32WLxx_HAL_Driver/stm32wlxx_ll_rtc.o
 .text.LL_RTC_EnableInitMode
                0x0000000008000fd4       0x1e ./Drivers/STM32WLxx_HAL_Driver/stm32wlxx_ll_rtc.o
 .text.LL_RTC_DisableInitMode
                0x0000000008000ff2       0x1e ./Drivers/STM32WLxx_HAL_Driver/stm32wlxx_ll_rtc.o
 .text.LL_RTC_IsShadowRegBypassEnabled
                0x0000000008001010       0x24 ./Drivers/STM32WLxx_HAL_Driver/stm32wlxx_ll_rtc.o
 .text.LL_RTC_SetAsynchPrescaler
                0x0000000008001034       0x26 ./Drivers/STM32WLxx_HAL_Driver/stm32wlxx_ll_rtc.o
 .text.LL_RTC_SetSynchPrescaler
                0x000000000800105a       0x28 ./Drivers/STM32WLxx_HAL_Driver/stm32wlxx_ll_rtc.o
 .text.LL_RTC_EnableWriteProtection
                0x0000000008001082       0x18 ./Drivers/STM32WLxx_HAL_Driver/stm32wlxx_ll_rtc.o
 .text.LL_RTC_DisableWriteProtection
                0x000000000800109a       0x1e ./Drivers/STM32WLxx_HAL_Driver/stm32wlxx_ll_rtc.o
 .text.LL_RTC_TIME_Config
                0x00000000080010b8       0x48 ./Drivers/STM32WLxx_HAL_Driver/stm32wlxx_ll_rtc.o
 .text.LL_RTC_DATE_Config
                0x0000000008001100       0x4c ./Drivers/STM32WLxx_HAL_Driver/stm32wlxx_ll_rtc.o
 .text.LL_RTC_IsActiveFlag_INIT
                0x000000000800114c       0x24 ./Drivers/STM32WLxx_HAL_Driver/stm32wlxx_ll_rtc.o
 .text.LL_RTC_IsActiveFlag_RS
                0x0000000008001170       0x24 ./Drivers/STM32WLxx_HAL_Driver/stm32wlxx_ll_rtc.o
 .text.LL_RTC_ClearFlag_RS
                0x0000000008001194       0x22 ./Drivers/STM32WLxx_HAL_Driver/stm32wlxx_ll_rtc.o
 *fill*         0x00000000080011b6        0x2 
 .text.LL_SYSTICK_IsActiveCounterFlag
                0x00000000080011b8       0x24 ./Drivers/STM32WLxx_HAL_Driver/stm32wlxx_ll_rtc.o
 .text.LL_RTC_Init
                0x00000000080011dc       0x5e ./Drivers/STM32WLxx_HAL_Driver/stm32wlxx_ll_rtc.o
                0x00000000080011dc                LL_RTC_Init
 *fill*         0x000000000800123a        0x2 
 .text.LL_RTC_TIME_Init
                0x000000000800123c      0x14c ./Drivers/STM32WLxx_HAL_Driver/stm32wlxx_ll_rtc.o
                0x000000000800123c                LL_RTC_TIME_Init
 .text.LL_RTC_DATE_Init
                0x0000000008001388      0x148 ./Drivers/STM32WLxx_HAL_Driver/stm32wlxx_ll_rtc.o
                0x0000000008001388                LL_RTC_DATE_Init
 .text.LL_RTC_EnterInitMode
                0x00000000080014d0       0x66 ./Drivers/STM32WLxx_HAL_Driver/stm32wlxx_ll_rtc.o
                0x00000000080014d0                LL_RTC_EnterInitMode
 .text.LL_RTC_WaitForSynchro
                0x0000000008001536       0x9e ./Drivers/STM32WLxx_HAL_Driver/stm32wlxx_ll_rtc.o
                0x0000000008001536                LL_RTC_WaitForSynchro
 .text.LL_InitTick
                0x00000000080015d4       0x38 ./Drivers/STM32WLxx_HAL_Driver/stm32wlxx_ll_utils.o
 .text.LL_Init1msTick
                0x000000000800160c       0x1a ./Drivers/STM32WLxx_HAL_Driver/stm32wlxx_ll_utils.o
                0x000000000800160c                LL_Init1msTick
 *fill*         0x0000000008001626        0x2 
 .text.LL_mDelay
                0x0000000008001628       0x4c ./Drivers/STM32WLxx_HAL_Driver/stm32wlxx_ll_utils.o
                0x0000000008001628                LL_mDelay
 .text.LL_SetSystemCoreClock
                0x0000000008001674       0x1c ./Drivers/STM32WLxx_HAL_Driver/stm32wlxx_ll_utils.o
                0x0000000008001674                LL_SetSystemCoreClock
 .text.__libc_init_array
                0x0000000008001690       0x48 c:/st/stm32cubeide_1.10.1/stm32cubeide/plugins/com.st.stm32cube.ide.mcu.externaltools.gnu-tools-for-stm32.10.3-2021.10.win32_1.0.0.202111181127/tools/bin/../lib/gcc/arm-none-eabi/10.3.1/../../../../arm-none-eabi/lib/thumb/v7e-m/nofp\libc_nano.a(lib_a-init.o)
                0x0000000008001690                __libc_init_array
 *(.glue_7)
 .glue_7        0x00000000080016d8        0x0 linker stubs
 *(.glue_7t)
 .glue_7t       0x00000000080016d8        0x0 linker stubs
 *(.eh_frame)
 .eh_frame      0x00000000080016d8        0x0 c:/st/stm32cubeide_1.10.1/stm32cubeide/plugins/com.st.stm32cube.ide.mcu.externaltools.gnu-tools-for-stm32.10.3-2021.10.win32_1.0.0.202111181127/tools/bin/../lib/gcc/arm-none-eabi/10.3.1/thumb/v7e-m/nofp/crtbegin.o
 *(.init)
 .init          0x00000000080016d8        0x4 c:/st/stm32cubeide_1.10.1/stm32cubeide/plugins/com.st.stm32cube.ide.mcu.externaltools.gnu-tools-for-stm32.10.3-2021.10.win32_1.0.0.202111181127/tools/bin/../lib/gcc/arm-none-eabi/10.3.1/thumb/v7e-m/nofp/crti.o
                0x00000000080016d8                _init
 .init          0x00000000080016dc        0x8 c:/st/stm32cubeide_1.10.1/stm32cubeide/plugins/com.st.stm32cube.ide.mcu.externaltools.gnu-tools-for-stm32.10.3-2021.10.win32_1.0.0.202111181127/tools/bin/../lib/gcc/arm-none-eabi/10.3.1/thumb/v7e-m/nofp/crtn.o
 *(.fini)
 .fini          0x00000000080016e4        0x4 c:/st/stm32cubeide_1.10.1/stm32cubeide/plugins/com.st.stm32cube.ide.mcu.externaltools.gnu-tools-for-stm32.10.3-2021.10.win32_1.0.0.202111181127/tools/bin/../lib/gcc/arm-none-eabi/10.3.1/thumb/v7e-m/nofp/crti.o
                0x00000000080016e4                _fini
 .fini          0x00000000080016e8        0x8 c:/st/stm32cubeide_1.10.1/stm32cubeide/plugins/com.st.stm32cube.ide.mcu.externaltools.gnu-tools-for-stm32.10.3-2021.10.win32_1.0.0.202111181127/tools/bin/../lib/gcc/arm-none-eabi/10.3.1/thumb/v7e-m/nofp/crtn.o
                0x00000000080016f0                . = ALIGN (0x8)
                0x00000000080016f0                _etext = .

.vfp11_veneer   0x00000000080016f0        0x0
 .vfp11_veneer  0x00000000080016f0        0x0 linker stubs

.v4_bx          0x00000000080016f0        0x0
 .v4_bx         0x00000000080016f0        0x0 linker stubs

.iplt           0x00000000080016f0        0x0
 .iplt          0x00000000080016f0        0x0 c:/st/stm32cubeide_1.10.1/stm32cubeide/plugins/com.st.stm32cube.ide.mcu.externaltools.gnu-tools-for-stm32.10.3-2021.10.win32_1.0.0.202111181127/tools/bin/../lib/gcc/arm-none-eabi/10.3.1/thumb/v7e-m/nofp/crtbegin.o

.rel.dyn        0x00000000080016f0        0x0
 .rel.iplt      0x00000000080016f0        0x0 c:/st/stm32cubeide_1.10.1/stm32cubeide/plugins/com.st.stm32cube.ide.mcu.externaltools.gnu-tools-for-stm32.10.3-2021.10.win32_1.0.0.202111181127/tools/bin/../lib/gcc/arm-none-eabi/10.3.1/thumb/v7e-m/nofp/crtbegin.o

.rodata         0x00000000080016f0        0x0
                0x00000000080016f0                . = ALIGN (0x8)
 *(.rodata)
 *(.rodata*)
                0x00000000080016f0                . = ALIGN (0x8)

.ARM.extab      0x00000000080016f0        0x0
                0x00000000080016f0                . = ALIGN (0x8)
 *(.ARM.extab* .gnu.linkonce.armextab.*)
                0x00000000080016f0                . = ALIGN (0x8)

.ARM            0x00000000080016f0        0x0
                0x00000000080016f0                . = ALIGN (0x8)
                0x00000000080016f0                __exidx_start = .
 *(.ARM.exidx*)
                0x00000000080016f0                __exidx_end = .
                0x00000000080016f0                . = ALIGN (0x8)

.preinit_array  0x00000000080016f0        0x0
                0x00000000080016f0                . = ALIGN (0x8)
                0x00000000080016f0                PROVIDE (__preinit_array_start = .)
 *(.preinit_array*)
                0x00000000080016f0                PROVIDE (__preinit_array_end = .)
                0x00000000080016f0                . = ALIGN (0x8)

.init_array     0x00000000080016f0        0x8
                0x00000000080016f0                . = ALIGN (0x8)
                0x00000000080016f0                PROVIDE (__init_array_start = .)
 *(SORT_BY_NAME(.init_array.*))
 *(.init_array*)
 .init_array    0x00000000080016f0        0x4 c:/st/stm32cubeide_1.10.1/stm32cubeide/plugins/com.st.stm32cube.ide.mcu.externaltools.gnu-tools-for-stm32.10.3-2021.10.win32_1.0.0.202111181127/tools/bin/../lib/gcc/arm-none-eabi/10.3.1/thumb/v7e-m/nofp/crtbegin.o
                0x00000000080016f4                PROVIDE (__init_array_end = .)
                0x00000000080016f8                . = ALIGN (0x8)
 *fill*         0x00000000080016f4        0x4 

.fini_array     0x00000000080016f8        0x8
                0x00000000080016f8                . = ALIGN (0x8)
                [!provide]                        PROVIDE (__fini_array_start = .)
 *(SORT_BY_NAME(.fini_array.*))
 *(.fini_array*)
 .fini_array    0x00000000080016f8        0x4 c:/st/stm32cubeide_1.10.1/stm32cubeide/plugins/com.st.stm32cube.ide.mcu.externaltools.gnu-tools-for-stm32.10.3-2021.10.win32_1.0.0.202111181127/tools/bin/../lib/gcc/arm-none-eabi/10.3.1/thumb/v7e-m/nofp/crtbegin.o
                [!provide]                        PROVIDE (__fini_array_end = .)
                0x0000000008001700                . = ALIGN (0x8)
 *fill*         0x00000000080016fc        0x4 
                0x0000000008001700                _sidata = LOADADDR (.data)

.data           0x0000000020000000        0x8 load address 0x0000000008001700
                0x0000000020000000                . = ALIGN (0x8)
                0x0000000020000000                _sdata = .
 *(.data)
 *(.data*)
 .data.SystemCoreClock
                0x0000000020000000        0x4 ./Drivers/CMSIS/system_stm32wlxx.o
                0x0000000020000000                SystemCoreClock
                0x0000000020000008                . = ALIGN (0x8)
 *fill*         0x0000000020000004        0x4 
                0x0000000020000008                _edata = .

.igot.plt       0x0000000020000008        0x0 load address 0x0000000008001708
 .igot.plt      0x0000000020000008        0x0 c:/st/stm32cubeide_1.10.1/stm32cubeide/plugins/com.st.stm32cube.ide.mcu.externaltools.gnu-tools-for-stm32.10.3-2021.10.win32_1.0.0.202111181127/tools/bin/../lib/gcc/arm-none-eabi/10.3.1/thumb/v7e-m/nofp/crtbegin.o
                0x0000000020000008                . = ALIGN (0x8)

.bss            0x0000000020000008       0x20 load address 0x0000000008001708
                0x0000000020000008                _sbss = .
                0x0000000020000008                __bss_start__ = _sbss
 *(.bss)
 .bss           0x0000000020000008       0x1c c:/st/stm32cubeide_1.10.1/stm32cubeide/plugins/com.st.stm32cube.ide.mcu.externaltools.gnu-tools-for-stm32.10.3-2021.10.win32_1.0.0.202111181127/tools/bin/../lib/gcc/arm-none-eabi/10.3.1/thumb/v7e-m/nofp/crtbegin.o
 *(.bss*)
 *(COMMON)
                0x0000000020000028                . = ALIGN (0x8)
 *fill*         0x0000000020000024        0x4 
                0x0000000020000028                _ebss = .
                0x0000000020000028                __bss_end__ = _ebss
                0x0000000020000028                . = ALIGN (0x8)

RAM1_region     0x0000000020000028        0x0 load address 0x0000000008001708
                0x0000000020000028                _sRAM1_region = .
 *(.RAM1_region)
                0x0000000020000028                . = ALIGN (0x8)
                0x0000000020000028                _eRAM1_region = .
                0x0000000020000028                . = ALIGN (0x8)

RAM2_region     0x0000000020008000        0x0
                0x0000000020008000                _sRAM2_region = .
 *(.RAM2_region)
                0x0000000020008000                . = ALIGN (0x8)
                0x0000000020008000                _eRAM2_region = .

._user_heap_stack
                0x0000000020000028      0x600
                0x0000000020000028                . = ALIGN (0x8)
                [!provide]                        PROVIDE (end = .)
                0x0000000020000028                PROVIDE (_end = .)
                0x0000000020000228                . = (. + _Min_Heap_Size)
 *fill*         0x0000000020000028      0x200 
                0x0000000020000628                . = (. + _Min_Stack_Size)
 *fill*         0x0000000020000228      0x400 
                0x0000000020000628                . = ALIGN (0x8)

/DISCARD/
 libc.a(*)
 libm.a(*)
 libgcc.a(*)

.ARM.attributes
                0x0000000000000000       0x2a
 *(.ARM.attributes)
 .ARM.attributes
                0x0000000000000000       0x1e c:/st/stm32cubeide_1.10.1/stm32cubeide/plugins/com.st.stm32cube.ide.mcu.externaltools.gnu-tools-for-stm32.10.3-2021.10.win32_1.0.0.202111181127/tools/bin/../lib/gcc/arm-none-eabi/10.3.1/thumb/v7e-m/nofp/crti.o
 .ARM.attributes
                0x000000000000001e       0x2e c:/st/stm32cubeide_1.10.1/stm32cubeide/plugins/com.st.stm32cube.ide.mcu.externaltools.gnu-tools-for-stm32.10.3-2021.10.win32_1.0.0.202111181127/tools/bin/../lib/gcc/arm-none-eabi/10.3.1/thumb/v7e-m/nofp/crtbegin.o
 .ARM.attributes
                0x000000000000004c       0x21 ./Application/Startup/startup_stm32wl55jcix.o
 .ARM.attributes
                0x000000000000006d       0x2e ./Application/User/main.o
 .ARM.attributes
                0x000000000000009b       0x2e ./Application/User/stm32wlxx_it.o
 .ARM.attributes
                0x00000000000000c9       0x2e ./Drivers/CMSIS/system_stm32wlxx.o
 .ARM.attributes
                0x00000000000000f7       0x2e ./Drivers/STM32WLxx_HAL_Driver/stm32wlxx_ll_gpio.o
 .ARM.attributes
                0x0000000000000125       0x2e ./Drivers/STM32WLxx_HAL_Driver/stm32wlxx_ll_rtc.o
 .ARM.attributes
                0x0000000000000153       0x2e ./Drivers/STM32WLxx_HAL_Driver/stm32wlxx_ll_utils.o
 .ARM.attributes
                0x0000000000000181       0x2e c:/st/stm32cubeide_1.10.1/stm32cubeide/plugins/com.st.stm32cube.ide.mcu.externaltools.gnu-tools-for-stm32.10.3-2021.10.win32_1.0.0.202111181127/tools/bin/../lib/gcc/arm-none-eabi/10.3.1/../../../../arm-none-eabi/lib/thumb/v7e-m/nofp\libc_nano.a(lib_a-init.o)
 .ARM.attributes
                0x00000000000001af       0x1e c:/st/stm32cubeide_1.10.1/stm32cubeide/plugins/com.st.stm32cube.ide.mcu.externaltools.gnu-tools-for-stm32.10.3-2021.10.win32_1.0.0.202111181127/tools/bin/../lib/gcc/arm-none-eabi/10.3.1/thumb/v7e-m/nofp/crtn.o
OUTPUT(RTC_ExitStandbyWithWakeUpTimer_Init.elf elf32-littlearm)
LOAD linker stubs
LOAD c:/st/stm32cubeide_1.10.1/stm32cubeide/plugins/com.st.stm32cube.ide.mcu.externaltools.gnu-tools-for-stm32.10.3-2021.10.win32_1.0.0.202111181127/tools/bin/../lib/gcc/arm-none-eabi/10.3.1/../../../../arm-none-eabi/lib/thumb/v7e-m/nofp\libc.a
LOAD c:/st/stm32cubeide_1.10.1/stm32cubeide/plugins/com.st.stm32cube.ide.mcu.externaltools.gnu-tools-for-stm32.10.3-2021.10.win32_1.0.0.202111181127/tools/bin/../lib/gcc/arm-none-eabi/10.3.1/../../../../arm-none-eabi/lib/thumb/v7e-m/nofp\libm.a
LOAD c:/st/stm32cubeide_1.10.1/stm32cubeide/plugins/com.st.stm32cube.ide.mcu.externaltools.gnu-tools-for-stm32.10.3-2021.10.win32_1.0.0.202111181127/tools/bin/../lib/gcc/arm-none-eabi/10.3.1/thumb/v7e-m/nofp\libgcc.a

.debug_line     0x0000000000000000     0x3b23
 .debug_line    0x0000000000000000       0x90 ./Application/Startup/startup_stm32wl55jcix.o
 .debug_line    0x0000000000000090      0xdb1 ./Application/User/main.o
 .debug_line    0x0000000000000e41      0x6f0 ./Application/User/stm32wlxx_it.o
 .debug_line    0x0000000000001531      0x58d ./Drivers/CMSIS/system_stm32wlxx.o
 .debug_line    0x0000000000001abe      0x7f5 ./Drivers/STM32WLxx_HAL_Driver/stm32wlxx_ll_gpio.o
 .debug_line    0x00000000000022b3      0xc63 ./Drivers/STM32WLxx_HAL_Driver/stm32wlxx_ll_rtc.o
 .debug_line    0x0000000000002f16      0xc0d ./Drivers/STM32WLxx_HAL_Driver/stm32wlxx_ll_utils.o

.debug_info     0x0000000000000000     0x49d7
 .debug_info    0x0000000000000000       0x22 ./Application/Startup/startup_stm32wl55jcix.o
 .debug_info    0x0000000000000022     0x195a ./Application/User/main.o
 .debug_info    0x000000000000197c      0x156 ./Application/User/stm32wlxx_it.o
 .debug_info    0x0000000000001ad2      0x51b ./Drivers/CMSIS/system_stm32wlxx.o
 .debug_info    0x0000000000001fed      0xb33 ./Drivers/STM32WLxx_HAL_Driver/stm32wlxx_ll_gpio.o
 .debug_info    0x0000000000002b20      0xf83 ./Drivers/STM32WLxx_HAL_Driver/stm32wlxx_ll_rtc.o
 .debug_info    0x0000000000003aa3      0xf34 ./Drivers/STM32WLxx_HAL_Driver/stm32wlxx_ll_utils.o

.debug_abbrev   0x0000000000000000      0xb63
 .debug_abbrev  0x0000000000000000       0x12 ./Application/Startup/startup_stm32wl55jcix.o
 .debug_abbrev  0x0000000000000012      0x2b8 ./Application/User/main.o
 .debug_abbrev  0x00000000000002ca       0x80 ./Application/User/stm32wlxx_it.o
 .debug_abbrev  0x000000000000034a      0x127 ./Drivers/CMSIS/system_stm32wlxx.o
 .debug_abbrev  0x0000000000000471      0x243 ./Drivers/STM32WLxx_HAL_Driver/stm32wlxx_ll_gpio.o
 .debug_abbrev  0x00000000000006b4      0x238 ./Drivers/STM32WLxx_HAL_Driver/stm32wlxx_ll_rtc.o
 .debug_abbrev  0x00000000000008ec      0x277 ./Drivers/STM32WLxx_HAL_Driver/stm32wlxx_ll_utils.o

.debug_aranges  0x0000000000000000      0x580
 .debug_aranges
                0x0000000000000000       0x28 ./Application/Startup/startup_stm32wl55jcix.o
 .debug_aranges
                0x0000000000000028      0x1c0 ./Application/User/main.o
 .debug_aranges
                0x00000000000001e8       0x60 ./Application/User/stm32wlxx_it.o
 .debug_aranges
                0x0000000000000248       0x28 ./Drivers/CMSIS/system_stm32wlxx.o
 .debug_aranges
                0x0000000000000270       0x70 ./Drivers/STM32WLxx_HAL_Driver/stm32wlxx_ll_gpio.o
 .debug_aranges
                0x00000000000002e0      0x160 ./Drivers/STM32WLxx_HAL_Driver/stm32wlxx_ll_rtc.o
 .debug_aranges
                0x0000000000000440      0x140 ./Drivers/STM32WLxx_HAL_Driver/stm32wlxx_ll_utils.o

.debug_str      0x0000000000000000    0x73d4a
 .debug_str     0x0000000000000000       0xc8 ./Application/Startup/startup_stm32wl55jcix.o
 .debug_str     0x00000000000000c8    0x71700 ./Application/User/main.o
                                      0x71a6c (size before relaxing)
 .debug_str     0x00000000000717c8      0x12d ./Application/User/stm32wlxx_it.o
                                      0x70e25 (size before relaxing)
 .debug_str     0x00000000000718f5      0x114 ./Drivers/CMSIS/system_stm32wlxx.o
                                      0x629e4 (size before relaxing)
 .debug_str     0x0000000000071a09      0x6ac ./Drivers/STM32WLxx_HAL_Driver/stm32wlxx_ll_gpio.o
                                      0x6461c (size before relaxing)
 .debug_str     0x00000000000720b5      0xe8c ./Drivers/STM32WLxx_HAL_Driver/stm32wlxx_ll_rtc.o
                                      0x661b9 (size before relaxing)
 .debug_str     0x0000000000072f41      0xe09 ./Drivers/STM32WLxx_HAL_Driver/stm32wlxx_ll_utils.o
                                      0x6a090 (size before relaxing)

.debug_ranges   0x0000000000000000      0x518
 .debug_ranges  0x0000000000000000       0x20 ./Application/Startup/startup_stm32wl55jcix.o
 .debug_ranges  0x0000000000000020      0x1b0 ./Application/User/main.o
 .debug_ranges  0x00000000000001d0       0x50 ./Application/User/stm32wlxx_it.o
 .debug_ranges  0x0000000000000220       0x18 ./Drivers/CMSIS/system_stm32wlxx.o
 .debug_ranges  0x0000000000000238       0x60 ./Drivers/STM32WLxx_HAL_Driver/stm32wlxx_ll_gpio.o
 .debug_ranges  0x0000000000000298      0x150 ./Drivers/STM32WLxx_HAL_Driver/stm32wlxx_ll_rtc.o
 .debug_ranges  0x00000000000003e8      0x130 ./Drivers/STM32WLxx_HAL_Driver/stm32wlxx_ll_utils.o

.debug_macro    0x0000000000000000    0x147cb
 .debug_macro   0x0000000000000000      0x175 ./Application/User/main.o
 .debug_macro   0x0000000000000175      0xaba ./Application/User/main.o
 .debug_macro   0x0000000000000c2f       0x2e ./Application/User/main.o
 .debug_macro   0x0000000000000c5d       0x3a ./Application/User/main.o
 .debug_macro   0x0000000000000c97       0x22 ./Application/User/main.o
 .debug_macro   0x0000000000000cb9       0x8e ./Application/User/main.o
 .debug_macro   0x0000000000000d47       0x51 ./Application/User/main.o
 .debug_macro   0x0000000000000d98      0x103 ./Application/User/main.o
 .debug_macro   0x0000000000000e9b       0x6a ./Application/User/main.o
 .debug_macro   0x0000000000000f05      0x1df ./Application/User/main.o
 .debug_macro   0x00000000000010e4       0x1c ./Application/User/main.o
 .debug_macro   0x0000000000001100       0x22 ./Application/User/main.o
 .debug_macro   0x0000000000001122       0xfb ./Application/User/main.o
 .debug_macro   0x000000000000121d     0x1011 ./Application/User/main.o
 .debug_macro   0x000000000000222e      0x11f ./Application/User/main.o
 .debug_macro   0x000000000000234d     0xf0e3 ./Application/User/main.o
 .debug_macro   0x0000000000011430       0x6d ./Application/User/main.o
 .debug_macro   0x000000000001149d      0x685 ./Application/User/main.o
 .debug_macro   0x0000000000011b22      0x20e ./Application/User/main.o
 .debug_macro   0x0000000000011d30      0x45a ./Application/User/main.o
 .debug_macro   0x000000000001218a      0x16e ./Application/User/main.o
 .debug_macro   0x00000000000122f8      0x1ab ./Application/User/main.o
 .debug_macro   0x00000000000124a3       0x45 ./Application/User/main.o
 .debug_macro   0x00000000000124e8      0x283 ./Application/User/main.o
 .debug_macro   0x000000000001276b      0x416 ./Application/User/main.o
 .debug_macro   0x0000000000012b81      0x2a3 ./Application/User/main.o
 .debug_macro   0x0000000000012e24      0x14a ./Application/User/main.o
 .debug_macro   0x0000000000012f6e      0x500 ./Application/User/main.o
 .debug_macro   0x000000000001346e       0x52 ./Application/User/main.o
 .debug_macro   0x00000000000134c0      0x155 ./Application/User/stm32wlxx_it.o
 .debug_macro   0x0000000000013615       0xd3 ./Drivers/CMSIS/system_stm32wlxx.o
 .debug_macro   0x00000000000136e8      0x10f ./Drivers/STM32WLxx_HAL_Driver/stm32wlxx_ll_gpio.o
 .debug_macro   0x00000000000137f7      0x144 ./Drivers/STM32WLxx_HAL_Driver/stm32wlxx_ll_gpio.o
 .debug_macro   0x000000000001393b      0x169 ./Drivers/STM32WLxx_HAL_Driver/stm32wlxx_ll_rtc.o
 .debug_macro   0x0000000000013aa4      0x4fa ./Drivers/STM32WLxx_HAL_Driver/stm32wlxx_ll_rtc.o
 .debug_macro   0x0000000000013f9e      0x163 ./Drivers/STM32WLxx_HAL_Driver/stm32wlxx_ll_utils.o
 .debug_macro   0x0000000000014101       0x3f ./Drivers/STM32WLxx_HAL_Driver/stm32wlxx_ll_utils.o
 .debug_macro   0x0000000000014140      0x68b ./Drivers/STM32WLxx_HAL_Driver/stm32wlxx_ll_utils.o

.comment        0x0000000000000000       0x50
 .comment       0x0000000000000000       0x50 ./Application/User/main.o
                                         0x51 (size before relaxing)
 .comment       0x0000000000000050       0x51 ./Application/User/stm32wlxx_it.o
 .comment       0x0000000000000050       0x51 ./Drivers/CMSIS/system_stm32wlxx.o
 .comment       0x0000000000000050       0x51 ./Drivers/STM32WLxx_HAL_Driver/stm32wlxx_ll_gpio.o
 .comment       0x0000000000000050       0x51 ./Drivers/STM32WLxx_HAL_Driver/stm32wlxx_ll_rtc.o
 .comment       0x0000000000000050       0x51 ./Drivers/STM32WLxx_HAL_Driver/stm32wlxx_ll_utils.o

.debug_frame    0x0000000000000000     0x169c
 .debug_frame   0x0000000000000000      0x7b0 ./Application/User/main.o
 .debug_frame   0x00000000000007b0      0x110 ./Application/User/stm32wlxx_it.o
 .debug_frame   0x00000000000008c0       0x58 ./Drivers/CMSIS/system_stm32wlxx.o
 .debug_frame   0x0000000000000918      0x1c0 ./Drivers/STM32WLxx_HAL_Driver/stm32wlxx_ll_gpio.o
 .debug_frame   0x0000000000000ad8      0x66c ./Drivers/STM32WLxx_HAL_Driver/stm32wlxx_ll_rtc.o
 .debug_frame   0x0000000000001144      0x52c ./Drivers/STM32WLxx_HAL_Driver/stm32wlxx_ll_utils.o
 .debug_frame   0x0000000000001670       0x2c c:/st/stm32cubeide_1.10.1/stm32cubeide/plugins/com.st.stm32cube.ide.mcu.externaltools.gnu-tools-for-stm32.10.3-2021.10.win32_1.0.0.202111181127/tools/bin/../lib/gcc/arm-none-eabi/10.3.1/../../../../arm-none-eabi/lib/thumb/v7e-m/nofp\libc_nano.a(lib_a-init.o)
