../../../../../../../Drivers/CMSIS/Include/core_cm4.h:1648:22:__NVIC_SetPriorityGrouping	24	static
../../../../../../../Drivers/STM32WLxx_HAL_Driver/Inc/stm32wlxx_ll_rcc.h:1201:22:LL_RCC_LSE_Enable	4	static
../../../../../../../Drivers/STM32WLxx_HAL_Driver/Inc/stm32wlxx_ll_rcc.h:1334:26:LL_RCC_LSE_IsReady	4	static
../../../../../../../Drivers/STM32WLxx_HAL_Driver/Inc/stm32wlxx_ll_rcc.h:1427:22:LL_RCC_MSI_Enable	4	static
../../../../../../../Drivers/STM32WLxx_HAL_Driver/Inc/stm32wlxx_ll_rcc.h:1447:26:LL_RCC_MSI_IsReady	4	static
../../../../../../../Drivers/STM32WLxx_HAL_Driver/Inc/stm32wlxx_ll_rcc.h:1486:22:LL_RCC_MSI_EnableRangeSelection	4	static
../../../../../../../Drivers/STM32WLxx_HAL_Driver/Inc/stm32wlxx_ll_rcc.h:1519:22:LL_RCC_MSI_SetRange	16	static
../../../../../../../Drivers/STM32WLxx_HAL_Driver/Inc/stm32wlxx_ll_rcc.h:1594:22:LL_RCC_MSI_SetCalibTrimming	16	static
../../../../../../../Drivers/STM32WLxx_HAL_Driver/Inc/stm32wlxx_ll_rcc.h:1730:22:LL_RCC_SetSysClkSource	16	static
../../../../../../../Drivers/STM32WLxx_HAL_Driver/Inc/stm32wlxx_ll_rcc.h:1744:26:LL_RCC_GetSysClkSource	4	static
../../../../../../../Drivers/STM32WLxx_HAL_Driver/Inc/stm32wlxx_ll_rcc.h:1770:22:LL_RCC_SetAHBPrescaler	16	static
../../../../../../../Drivers/STM32WLxx_HAL_Driver/Inc/stm32wlxx_ll_rcc.h:1822:22:LL_RCC_SetAHB3Prescaler	16	static
../../../../../../../Drivers/STM32WLxx_HAL_Driver/Inc/stm32wlxx_ll_rcc.h:1838:22:LL_RCC_SetAPB1Prescaler	16	static
../../../../../../../Drivers/STM32WLxx_HAL_Driver/Inc/stm32wlxx_ll_rcc.h:1854:22:LL_RCC_SetAPB2Prescaler	16	static
../../../../../../../Drivers/STM32WLxx_HAL_Driver/Inc/stm32wlxx_ll_rcc.h:2307:22:LL_RCC_SetRTCClockSource	16	static
../../../../../../../Drivers/STM32WLxx_HAL_Driver/Inc/stm32wlxx_ll_rcc.h:2331:22:LL_RCC_EnableRTC	4	static
../../../../../../../Drivers/STM32WLxx_HAL_Driver/Inc/stm32wlxx_ll_rcc.h:2361:22:LL_RCC_ForceBackupDomainReset	4	static
../../../../../../../Drivers/STM32WLxx_HAL_Driver/Inc/stm32wlxx_ll_rcc.h:2371:22:LL_RCC_ReleaseBackupDomainReset	4	static
../../../../../../../Drivers/STM32WLxx_HAL_Driver/Inc/stm32wlxx_ll_bus.h:449:22:LL_AHB2_GRP1_EnableClock	24	static
../../../../../../../Drivers/STM32WLxx_HAL_Driver/Inc/stm32wlxx_ll_bus.h:914:22:LL_APB1_GRP1_EnableClock	24	static
../../../../../../../Drivers/STM32WLxx_HAL_Driver/Inc/stm32wlxx_ll_system.h:1582:22:LL_FLASH_SetLatency	16	static
../../../../../../../Drivers/STM32WLxx_HAL_Driver/Inc/stm32wlxx_ll_system.h:1595:26:LL_FLASH_GetLatency	4	static
../../../../../../../Drivers/STM32WLxx_HAL_Driver/Inc/stm32wlxx_ll_cortex.h:325:22:LL_LPM_EnableDeepSleep	4	static
../../../../../../../Drivers/STM32WLxx_HAL_Driver/Inc/stm32wlxx_ll_pwr.h:379:22:LL_PWR_SetRegulVoltageScaling	16	static
../../../../../../../Drivers/STM32WLxx_HAL_Driver/Inc/stm32wlxx_ll_pwr.h:401:22:LL_PWR_EnableBkUpAccess	4	static
../../../../../../../Drivers/STM32WLxx_HAL_Driver/Inc/stm32wlxx_ll_pwr.h:437:22:LL_PWR_SetPowerMode	16	static
../../../../../../../Drivers/STM32WLxx_HAL_Driver/Inc/stm32wlxx_ll_pwr.h:2124:26:LL_PWR_IsActiveFlag_C1SB	4	static
../../../../../../../Drivers/STM32WLxx_HAL_Driver/Inc/stm32wlxx_ll_pwr.h:2196:22:LL_PWR_ClearFlag_C1STOP_C1STB	4	static
../../../../../../../Drivers/STM32WLxx_HAL_Driver/Inc/stm32wlxx_ll_gpio.h:936:22:LL_GPIO_SetOutputPin	16	static
../../../../../../../Drivers/STM32WLxx_HAL_Driver/Inc/stm32wlxx_ll_gpio.h:965:22:LL_GPIO_ResetOutputPin	16	static
../../../../../../../Drivers/STM32WLxx_HAL_Driver/Inc/stm32wlxx_ll_gpio.h:994:22:LL_GPIO_TogglePin	24	static
../../../../../../../Drivers/STM32WLxx_HAL_Driver/Inc/stm32wlxx_ll_rtc.h:1127:22:LL_RTC_EnableWriteProtection	16	static
../../../../../../../Drivers/STM32WLxx_HAL_Driver/Inc/stm32wlxx_ll_rtc.h:1138:22:LL_RTC_DisableWriteProtection	16	static
../../../../../../../Drivers/STM32WLxx_HAL_Driver/Inc/stm32wlxx_ll_rtc.h:1389:26:LL_RTC_TIME_GetSecond	16	static
../../../../../../../Drivers/STM32WLxx_HAL_Driver/Inc/stm32wlxx_ll_rtc.h:3187:22:LL_RTC_WAKEUP_Enable	16	static
../../../../../../../Drivers/STM32WLxx_HAL_Driver/Inc/stm32wlxx_ll_rtc.h:3199:22:LL_RTC_WAKEUP_Disable	16	static
../../../../../../../Drivers/STM32WLxx_HAL_Driver/Inc/stm32wlxx_ll_rtc.h:3230:22:LL_RTC_WAKEUP_SetClock	16	static
../../../../../../../Drivers/STM32WLxx_HAL_Driver/Inc/stm32wlxx_ll_rtc.h:3260:22:LL_RTC_WAKEUP_SetAutoReload	16	static
../../../../../../../Drivers/STM32WLxx_HAL_Driver/Inc/stm32wlxx_ll_rtc.h:3312:22:LL_RTC_BKP_SetRegister	32	static
../../../../../../../Drivers/STM32WLxx_HAL_Driver/Inc/stm32wlxx_ll_rtc.h:3352:26:LL_RTC_BKP_GetRegister	24	static
../../../../../../../Drivers/STM32WLxx_HAL_Driver/Inc/stm32wlxx_ll_rtc.h:3498:22:LL_RTC_CAL_LowPower_Enable	16	static
../../../../../../../Drivers/STM32WLxx_HAL_Driver/Inc/stm32wlxx_ll_rtc.h:3552:26:LL_RTC_IsActiveFlag_RECALP	16	static
../../../../../../../Drivers/STM32WLxx_HAL_Driver/Inc/stm32wlxx_ll_rtc.h:3717:26:LL_RTC_IsActiveFlag_RS	16	static
../../../../../../../Drivers/STM32WLxx_HAL_Driver/Inc/stm32wlxx_ll_rtc.h:3728:22:LL_RTC_ClearFlag_RS	16	static
../../../../../../../Drivers/STM32WLxx_HAL_Driver/Inc/stm32wlxx_ll_rtc.h:3761:26:LL_RTC_IsActiveFlag_WUTW	16	static
../../../../../../../Drivers/STM32WLxx_HAL_Driver/Inc/stm32wlxx_ll_rtc.h:4135:22:LL_RTC_EnableIT_WUT	16	static
C:/Users/DELL/Desktop/STM32Cube_FW_WL_V1.2.0/Projects/NUCLEO-WL55JC/Examples_LL/RTC/RTC_ExitStandbyWithWakeUpTimer_Init/Src/main.c:103:5:main	32	static
C:/Users/DELL/Desktop/STM32Cube_FW_WL_V1.2.0/Projects/NUCLEO-WL55JC/Examples_LL/RTC/RTC_ExitStandbyWithWakeUpTimer_Init/Src/main.c:239:6:SystemClock_Config	8	static
C:/Users/DELL/Desktop/STM32Cube_FW_WL_V1.2.0/Projects/NUCLEO-WL55JC/Examples_LL/RTC/RTC_ExitStandbyWithWakeUpTimer_Init/Src/main.c:280:13:MX_GPIO_Init	32	static
C:/Users/DELL/Desktop/STM32Cube_FW_WL_V1.2.0/Projects/NUCLEO-WL55JC/Examples_LL/RTC/RTC_ExitStandbyWithWakeUpTimer_Init/Src/main.c:307:6:Configure_RTC	32	static
C:/Users/DELL/Desktop/STM32Cube_FW_WL_V1.2.0/Projects/NUCLEO-WL55JC/Examples_LL/RTC/RTC_ExitStandbyWithWakeUpTimer_Init/Src/main.c:459:6:EnterStandbyMode	8	static,ignoring_inline_asm
C:/Users/DELL/Desktop/STM32Cube_FW_WL_V1.2.0/Projects/NUCLEO-WL55JC/Examples_LL/RTC/RTC_ExitStandbyWithWakeUpTimer_Init/Src/main.c:500:10:WaitForSynchro_RTC	16	static
C:/Users/DELL/Desktop/STM32Cube_FW_WL_V1.2.0/Projects/NUCLEO-WL55JC/Examples_LL/RTC/RTC_ExitStandbyWithWakeUpTimer_Init/Src/main.c:541:6:Error_Handler	8	static
