../../../../../../../Drivers/CMSIS/Include/core_cm4.h:1648:22:__NVIC_SetPriorityGrouping	24	static
../../../../../../../Drivers/CMSIS/Include/core_cm4.h:1679:22:__NVIC_EnableIRQ	16	static,ignoring_inline_asm
../../../../../../../Drivers/CMSIS/Include/core_cm4.h:1809:22:__NVIC_SetPriority	16	static
../../../../../../../Drivers/STM32WLxx_HAL_Driver/Inc/stm32wlxx_ll_rcc.h:1108:22:LL_RCC_HSI_Enable	4	static
../../../../../../../Drivers/STM32WLxx_HAL_Driver/Inc/stm32wlxx_ll_rcc.h:1128:26:LL_RCC_HSI_IsReady	4	static
../../../../../../../Drivers/STM32WLxx_HAL_Driver/Inc/stm32wlxx_ll_rcc.h:1173:22:LL_RCC_HSI_SetCalibTrimming	16	static
../../../../../../../Drivers/STM32WLxx_HAL_Driver/Inc/stm32wlxx_ll_rcc.h:1730:22:LL_RCC_SetSysClkSource	16	static
../../../../../../../Drivers/STM32WLxx_HAL_Driver/Inc/stm32wlxx_ll_rcc.h:1744:26:LL_RCC_GetSysClkSource	4	static
../../../../../../../Drivers/STM32WLxx_HAL_Driver/Inc/stm32wlxx_ll_rcc.h:1770:22:LL_RCC_SetAHBPrescaler	16	static
../../../../../../../Drivers/STM32WLxx_HAL_Driver/Inc/stm32wlxx_ll_rcc.h:1822:22:LL_RCC_SetAHB3Prescaler	16	static
../../../../../../../Drivers/STM32WLxx_HAL_Driver/Inc/stm32wlxx_ll_rcc.h:1838:22:LL_RCC_SetAPB1Prescaler	16	static
../../../../../../../Drivers/STM32WLxx_HAL_Driver/Inc/stm32wlxx_ll_rcc.h:1854:22:LL_RCC_SetAPB2Prescaler	16	static
../../../../../../../Drivers/STM32WLxx_HAL_Driver/Inc/stm32wlxx_ll_bus.h:449:22:LL_AHB2_GRP1_EnableClock	24	static
../../../../../../../Drivers/STM32WLxx_HAL_Driver/Inc/stm32wlxx_ll_system.h:552:22:LL_SYSCFG_SetEXTISource	32	static,ignoring_inline_asm
../../../../../../../Drivers/STM32WLxx_HAL_Driver/Inc/stm32wlxx_ll_system.h:1582:22:LL_FLASH_SetLatency	16	static
../../../../../../../Drivers/STM32WLxx_HAL_Driver/Inc/stm32wlxx_ll_system.h:1595:26:LL_FLASH_GetLatency	4	static
../../../../../../../Drivers/STM32WLxx_HAL_Driver/Inc/stm32wlxx_ll_exti.h:265:22:LL_EXTI_EnableIT_0_31	16	static
../../../../../../../Drivers/STM32WLxx_HAL_Driver/Inc/stm32wlxx_ll_exti.h:1164:22:LL_EXTI_EnableFallingTrig_0_31	16	static
../../../../../../../Drivers/STM32WLxx_HAL_Driver/Inc/stm32wlxx_ll_cortex.h:325:22:LL_LPM_EnableDeepSleep	4	static
../../../../../../../Drivers/STM32WLxx_HAL_Driver/Inc/stm32wlxx_ll_pwr.h:379:22:LL_PWR_SetRegulVoltageScaling	16	static
../../../../../../../Drivers/STM32WLxx_HAL_Driver/Inc/stm32wlxx_ll_pwr.h:437:22:LL_PWR_SetPowerMode	16	static
../../../../../../../Drivers/STM32WLxx_HAL_Driver/Inc/stm32wlxx_ll_pwr.h:675:22:LL_PWR_EnablePUPDCfg	4	static
../../../../../../../Drivers/STM32WLxx_HAL_Driver/Inc/stm32wlxx_ll_pwr.h:809:22:LL_PWR_EnableWakeUpPin	16	static
../../../../../../../Drivers/STM32WLxx_HAL_Driver/Inc/stm32wlxx_ll_pwr.h:825:22:LL_PWR_DisableWakeUpPin	16	static
../../../../../../../Drivers/STM32WLxx_HAL_Driver/Inc/stm32wlxx_ll_pwr.h:981:22:LL_PWR_EnableGPIOPullUp	16	static
../../../../../../../Drivers/STM32WLxx_HAL_Driver/Inc/stm32wlxx_ll_pwr.h:1824:26:LL_PWR_IsActiveFlag_WU1	4	static
../../../../../../../Drivers/STM32WLxx_HAL_Driver/Inc/stm32wlxx_ll_pwr.h:1834:22:LL_PWR_ClearFlag_WU	4	static
../../../../../../../Drivers/STM32WLxx_HAL_Driver/Inc/stm32wlxx_ll_pwr.h:1864:22:LL_PWR_ClearFlag_WU1	4	static
../../../../../../../Drivers/STM32WLxx_HAL_Driver/Inc/stm32wlxx_ll_pwr.h:2124:26:LL_PWR_IsActiveFlag_C1SB	4	static
../../../../../../../Drivers/STM32WLxx_HAL_Driver/Inc/stm32wlxx_ll_pwr.h:2196:22:LL_PWR_ClearFlag_C1STOP_C1STB	4	static
../../../../../../../Drivers/STM32WLxx_HAL_Driver/Inc/stm32wlxx_ll_gpio.h:278:22:LL_GPIO_SetPinMode	48	static,ignoring_inline_asm
../../../../../../../Drivers/STM32WLxx_HAL_Driver/Inc/stm32wlxx_ll_gpio.h:509:22:LL_GPIO_SetPinPull	48	static,ignoring_inline_asm
../../../../../../../Drivers/STM32WLxx_HAL_Driver/Inc/stm32wlxx_ll_gpio.h:855:26:LL_GPIO_IsInputPinSet	16	static
../../../../../../../Drivers/STM32WLxx_HAL_Driver/Inc/stm32wlxx_ll_gpio.h:965:22:LL_GPIO_ResetOutputPin	16	static
../../../../../../../Drivers/STM32WLxx_HAL_Driver/Inc/stm32wlxx_ll_gpio.h:994:22:LL_GPIO_TogglePin	24	static
../../../../../../../Drivers/STM32WLxx_HAL_Driver/Inc/stm32wlxx_ll_iwdg.h:141:22:LL_IWDG_Enable	16	static
../../../../../../../Drivers/STM32WLxx_HAL_Driver/Inc/stm32wlxx_ll_iwdg.h:152:22:LL_IWDG_ReloadCounter	16	static
../../../../../../../Drivers/STM32WLxx_HAL_Driver/Inc/stm32wlxx_ll_iwdg.h:163:22:LL_IWDG_EnableWriteAccess	16	static
../../../../../../../Drivers/STM32WLxx_HAL_Driver/Inc/stm32wlxx_ll_iwdg.h:193:22:LL_IWDG_SetPrescaler	16	static
../../../../../../../Drivers/STM32WLxx_HAL_Driver/Inc/stm32wlxx_ll_iwdg.h:223:22:LL_IWDG_SetReloadCounter	16	static
../../../../../../../Drivers/STM32WLxx_HAL_Driver/Inc/stm32wlxx_ll_iwdg.h:311:26:LL_IWDG_IsReady	16	static
C:/Users/DELL/Desktop/STM32Cube_FW_WL_V1.2.0/Projects/NUCLEO-WL55JC/Examples_LL/PWR/PWR_EnterStandbyMode/Src/main.c:68:13:MX_IWDG_Init	8	static
C:/Users/DELL/Desktop/STM32Cube_FW_WL_V1.2.0/Projects/NUCLEO-WL55JC/Examples_LL/PWR/PWR_EnterStandbyMode/Src/main.c:98:5:main	8	static
C:/Users/DELL/Desktop/STM32Cube_FW_WL_V1.2.0/Projects/NUCLEO-WL55JC/Examples_LL/PWR/PWR_EnterStandbyMode/Src/main.c:158:6:SystemClock_Config	8	static
C:/Users/DELL/Desktop/STM32Cube_FW_WL_V1.2.0/Projects/NUCLEO-WL55JC/Examples_LL/PWR/PWR_EnterStandbyMode/Src/main.c:197:13:MX_GPIO_Init	32	static
C:/Users/DELL/Desktop/STM32Cube_FW_WL_V1.2.0/Projects/NUCLEO-WL55JC/Examples_LL/PWR/PWR_EnterStandbyMode/Src/main.c:227:6:LED_Blinking	16	static
C:/Users/DELL/Desktop/STM32Cube_FW_WL_V1.2.0/Projects/NUCLEO-WL55JC/Examples_LL/PWR/PWR_EnterStandbyMode/Src/main.c:246:6:UserButton_Init	16	static
C:/Users/DELL/Desktop/STM32Cube_FW_WL_V1.2.0/Projects/NUCLEO-WL55JC/Examples_LL/PWR/PWR_EnterStandbyMode/Src/main.c:275:10:UserButton_GetState	8	static
C:/Users/DELL/Desktop/STM32Cube_FW_WL_V1.2.0/Projects/NUCLEO-WL55JC/Examples_LL/PWR/PWR_EnterStandbyMode/Src/main.c:285:6:Configure_PWR	8	static
C:/Users/DELL/Desktop/STM32Cube_FW_WL_V1.2.0/Projects/NUCLEO-WL55JC/Examples_LL/PWR/PWR_EnterStandbyMode/Src/main.c:312:6:EnterStandbyMode	8	static,ignoring_inline_asm
C:/Users/DELL/Desktop/STM32Cube_FW_WL_V1.2.0/Projects/NUCLEO-WL55JC/Examples_LL/PWR/PWR_EnterStandbyMode/Src/main.c:368:6:UserButton_Callback	8	static
C:/Users/DELL/Desktop/STM32Cube_FW_WL_V1.2.0/Projects/NUCLEO-WL55JC/Examples_LL/PWR/PWR_EnterStandbyMode/Src/main.c:385:6:Error_Handler	4	static
