../../../../../../../Drivers/STM32WLxx_HAL_Driver/Inc/stm32wlxx_ll_exti.h:1395:26:LL_EXTI_IsActiveFlag_0_31	16	static
../../../../../../../Drivers/STM32WLxx_HAL_Driver/Inc/stm32wlxx_ll_exti.h:1496:22:LL_EXTI_ClearFlag_0_31	16	static
C:/Users/DELL/Desktop/STM32Cube_FW_WL_V1.2.0/Projects/NUCLEO-WL55JC/Examples_LL/PWR/PWR_EnterStandbyMode/Src/stm32wlxx_it.c:73:6:NMI_Handler	4	static
C:/Users/DELL/Desktop/STM32Cube_FW_WL_V1.2.0/Projects/NUCLEO-WL55JC/Examples_LL/PWR/PWR_EnterStandbyMode/Src/stm32wlxx_it.c:86:6:HardFault_Handler	4	static
C:/Users/DELL/Desktop/STM32Cube_FW_WL_V1.2.0/Projects/NUCLEO-WL55JC/Examples_LL/PWR/PWR_EnterStandbyMode/Src/stm32wlxx_it.c:101:6:MemManage_Handler	4	static
C:/Users/DELL/Desktop/STM32Cube_FW_WL_V1.2.0/Projects/NUCLEO-WL55JC/Examples_LL/PWR/PWR_EnterStandbyMode/Src/stm32wlxx_it.c:116:6:BusFault_Handler	4	static
C:/Users/DELL/Desktop/STM32Cube_FW_WL_V1.2.0/Projects/NUCLEO-WL55JC/Examples_LL/PWR/PWR_EnterStandbyMode/Src/stm32wlxx_it.c:131:6:UsageFault_Handler	4	static
C:/Users/DELL/Desktop/STM32Cube_FW_WL_V1.2.0/Projects/NUCLEO-WL55JC/Examples_LL/PWR/PWR_EnterStandbyMode/Src/stm32wlxx_it.c:146:6:SVC_Handler	4	static
C:/Users/DELL/Desktop/STM32Cube_FW_WL_V1.2.0/Projects/NUCLEO-WL55JC/Examples_LL/PWR/PWR_EnterStandbyMode/Src/stm32wlxx_it.c:159:6:DebugMon_Handler	4	static
C:/Users/DELL/Desktop/STM32Cube_FW_WL_V1.2.0/Projects/NUCLEO-WL55JC/Examples_LL/PWR/PWR_EnterStandbyMode/Src/stm32wlxx_it.c:172:6:PendSV_Handler	4	static
C:/Users/DELL/Desktop/STM32Cube_FW_WL_V1.2.0/Projects/NUCLEO-WL55JC/Examples_LL/PWR/PWR_EnterStandbyMode/Src/stm32wlxx_it.c:185:6:SysTick_Handler	4	static
C:/Users/DELL/Desktop/STM32Cube_FW_WL_V1.2.0/Projects/NUCLEO-WL55JC/Examples_LL/PWR/PWR_EnterStandbyMode/Src/stm32wlxx_it.c:209:6:EXTI0_IRQHandler	8	static
